<html>
<body>
<pre>
<h1>礦ision Build Log</h1>
<h2>Tool Versions:</h2>
IDE-Version: μVision V5.33.0.0
Copyright (C) 2020 ARM Ltd and ARM Germany GmbH. All rights reserved.
License Information: wei wei, wei, LIC=X96CK-ZJF8V-QDZKD-88LGJ-9IMF4-S55S2
 
Tool Versions:
Toolchain:       MDK-ARM Plus  Version: 5.33.0.0
Toolchain Path:  D:\sofeware\Keil_v5\ARM\ARMCC\Bin
C Compiler:      Armcc.exe V5.06 update 7 (build 960)
Assembler:       Armasm.exe V5.06 update 7 (build 960)
Linker/Locator:  ArmLink.exe V5.06 update 7 (build 960)
Library Manager: ArmAr.exe V5.06 update 7 (build 960)
Hex Converter:   FromElf.exe V5.06 update 7 (build 960)
CPU DLL:         SARMCM3.DLL V5.33.0.0
Dialog DLL:      DCM.DLL V1.17.3.0
Target DLL:      CMSIS_AGDI.dll V1.32.12.0
Dialog DLL:      TCM.DLL V1.48.0.0
 
<h2>Project:</h2>
C:\Users\17830\Desktop\stm32\上传阿里云_裸机\Projects\MDK-ARM\fw_exti.uvprojx
Project File Date:  03/19/2023

<h2>Output:</h2>
*** Using Compiler 'V5.06 update 7 (build 960)', folder: 'D:\sofeware\Keil_v5\ARM\ARMCC\Bin'
Build target 'Template'
compiling main_RTOS.c...
..\..\User\main_RTOS.c(68): warning:  #68-D: integer conversion resulted in a change of sign
      if(1u > -1)
..\..\User\main_RTOS.c(150): warning:  #177-D: function "BEEP_Task"  was declared but never referenced
  static void BEEP_Task(void)
..\..\User\main_RTOS.c: 2 warnings, 0 errors
linking...
Program Size: Code=9580 RO-data=964 RW-data=192 ZI-data=1744  
FromELF: creating hex file...
After Build - User command #1: D:\sofeware\Keil_v5\ARM\ARMCC\bin\fromelf.exe --bin -o ..\..\Output\fw_exti.bin ..\..\Output\fw_exti.axf
"..\..\Output\fw_exti.axf" - 0 Error(s), 2 Warning(s).

<h2>Software Packages used:</h2>

Package Vendor: Keil
                http://www.keil.com/pack/Keil.STM32F1xx_DFP.2.4.0.pack
                Keil.STM32F1xx_DFP.2.4.0
                STMicroelectronics STM32F1 Series Device Support, Drivers and Examples

<h2>Collection of Component include folders:</h2>
  C:\Users\17830\AppData\Local\Arm\Packs\Keil\STM32F1xx_DFP\2.4.0\Device\Include

<h2>Collection of Component Files used:</h2>
Build Time Elapsed:  00:00:01
</pre>
</body>
</html>
