Component: ARM Compiler 5.06 update 7 (build 960) Tool: armlink [4d3601]

==============================================================================

Section Cross References

    stm32f10x_it.o(i.SysTick_Handler) refers to port.o(i.xPortSysTickHandler) for xPortSysTickHandler
    stm32f10x_it.o(i.TIM6_IRQHandler) refers to stm32f10x_tim.o(i.TIM_GetITStatus) for TIM_GetITStatus
    stm32f10x_it.o(i.TIM6_IRQHandler) refers to stm32f10x_tim.o(i.TIM_ClearITPendingBit) for TIM_ClearITPendingBit
    stm32f10x_it.o(i.TIM6_IRQHandler) refers to delay.o(.data) for time_count
    system_stm32f10x.o(i.SetSysClock) refers to system_stm32f10x.o(i.SetSysClockTo72) for SetSysClockTo72
    system_stm32f10x.o(i.SystemCoreClockUpdate) refers to system_stm32f10x.o(.data) for SystemCoreClock
    system_stm32f10x.o(i.SystemInit) refers to system_stm32f10x.o(i.SetSysClock) for SetSysClock
    main_rtos.o(i.AppTaskCreate) refers to port.o(i.vPortEnterCritical) for vPortEnterCritical
    main_rtos.o(i.AppTaskCreate) refers to tasks.o(i.xTaskCreate) for xTaskCreate
    main_rtos.o(i.AppTaskCreate) refers to printfa.o(i.__0printf) for __2printf
    main_rtos.o(i.AppTaskCreate) refers to tasks.o(i.vTaskDelete) for vTaskDelete
    main_rtos.o(i.AppTaskCreate) refers to port.o(i.vPortExitCritical) for vPortExitCritical
    main_rtos.o(i.AppTaskCreate) refers to main_rtos.o(.data) for LED_Task_Handle
    main_rtos.o(i.AppTaskCreate) refers to main_rtos.o(i.LED_Task) for LED_Task
    main_rtos.o(i.AppTaskCreate) refers to main_rtos.o(i.KEY_Task) for KEY_Task
    main_rtos.o(i.AppTaskCreate) refers to main_rtos.o(i.DHT11_Task) for DHT11_Task
    main_rtos.o(i.AppTaskCreate) refers to main_rtos.o(i.ESP_Task) for ESP_Task
    main_rtos.o(i.BEEP_Task) refers to beep.o(i.Beep_Off) for Beep_Off
    main_rtos.o(i.BEEP_Task) refers to beep.o(i.Beep_On) for Beep_On
    main_rtos.o(i.BEEP_Task) refers to main_rtos.o(.data) for switch_beep
    main_rtos.o(i.BSP_Init) refers to misc.o(i.NVIC_PriorityGroupConfig) for NVIC_PriorityGroupConfig
    main_rtos.o(i.BSP_Init) refers to usart.o(i.Usart_Init) for Usart_Init
    main_rtos.o(i.BSP_Init) refers to led.o(i.Led_Init) for Led_Init
    main_rtos.o(i.BSP_Init) refers to key.o(i.Key_Init) for Key_Init
    main_rtos.o(i.BSP_Init) refers to dht11.o(i.DHT11_Init) for DHT11_Init
    main_rtos.o(i.BSP_Init) refers to printfa.o(i.__0printf) for __2printf
    main_rtos.o(i.BSP_Init) refers to esp.o(i.esp_Init) for esp_Init
    main_rtos.o(i.DHT11_Task) refers to dht11.o(i.DHT11_Get_Humiture) for DHT11_Get_Humiture
    main_rtos.o(i.DHT11_Task) refers to f2d.o(.text) for __aeabi_f2d
    main_rtos.o(i.DHT11_Task) refers to printfa.o(i.__0printf) for __2printf
    main_rtos.o(i.ESP_Task) refers to esp.o(i.Esp_PUB) for Esp_PUB
    main_rtos.o(i.ESP_Task) refers to printfa.o(i.__0printf) for __2printf
    main_rtos.o(i.ESP_Task) refers to tasks.o(i.vTaskDelay) for vTaskDelay
    main_rtos.o(i.KEY_Task) refers to key.o(i.Get_KEY_Status) for Get_KEY_Status
    main_rtos.o(i.KEY_Task) refers to led.o(i.Led_B_On) for Led_B_On
    main_rtos.o(i.KEY_Task) refers to printfa.o(i.__0printf) for __2printf
    main_rtos.o(i.KEY_Task) refers to led.o(i.Led_B_Off) for Led_B_Off
    main_rtos.o(i.KEY_Task) refers to main_rtos.o(.data) for switch_led
    main_rtos.o(i.LED_Task) refers to led.o(i.Led_B_On) for Led_B_On
    main_rtos.o(i.LED_Task) refers to led.o(i.Led_B_Off) for Led_B_Off
    main_rtos.o(i.LED_Task) refers to main_rtos.o(.data) for switch_led
    main_rtos.o(i.main) refers to main_rtos.o(i.BSP_Init) for BSP_Init
    main_rtos.o(i.main) refers to esp.o(i.Esp_SUB) for Esp_SUB
    main_rtos.o(i.main) refers to printfa.o(i.__0printf) for __2printf
    main_rtos.o(i.main) refers to tasks.o(i.xTaskCreate) for xTaskCreate
    main_rtos.o(i.main) refers to tasks.o(i.vTaskStartScheduler) for vTaskStartScheduler
    main_rtos.o(i.main) refers to esp.o(.data) for subtopic
    main_rtos.o(i.main) refers to main_rtos.o(.data) for AppTaskCreate_Handle
    main_rtos.o(i.main) refers to main_rtos.o(i.AppTaskCreate) for AppTaskCreate
    led.o(i.Led_B_Off) refers to stm32f10x_gpio.o(i.GPIO_SetBits) for GPIO_SetBits
    led.o(i.Led_B_On) refers to stm32f10x_gpio.o(i.GPIO_SetBits) for GPIO_SetBits
    led.o(i.Led_B_On) refers to stm32f10x_gpio.o(i.GPIO_ResetBits) for GPIO_ResetBits
    led.o(i.Led_G_Off) refers to stm32f10x_gpio.o(i.GPIO_SetBits) for GPIO_SetBits
    led.o(i.Led_G_On) refers to stm32f10x_gpio.o(i.GPIO_SetBits) for GPIO_SetBits
    led.o(i.Led_G_On) refers to stm32f10x_gpio.o(i.GPIO_ResetBits) for GPIO_ResetBits
    led.o(i.Led_Init) refers to stm32f10x_rcc.o(i.RCC_APB2PeriphClockCmd) for RCC_APB2PeriphClockCmd
    led.o(i.Led_Init) refers to stm32f10x_gpio.o(i.GPIO_Init) for GPIO_Init
    led.o(i.Led_Init) refers to stm32f10x_gpio.o(i.GPIO_SetBits) for GPIO_SetBits
    led.o(i.Led_R_Off) refers to stm32f10x_gpio.o(i.GPIO_SetBits) for GPIO_SetBits
[...]
    Removing stm32f10x_spi.o(i.SPI_CalculateCRC), (24 bytes).
    Removing stm32f10x_spi.o(i.SPI_Cmd), (24 bytes).
    Removing stm32f10x_spi.o(i.SPI_DataSizeConfig), (18 bytes).
    Removing stm32f10x_spi.o(i.SPI_GetCRC), (16 bytes).
    Removing stm32f10x_spi.o(i.SPI_GetCRCPolynomial), (6 bytes).
    Removing stm32f10x_spi.o(i.SPI_I2S_ClearFlag), (6 bytes).
    Removing stm32f10x_spi.o(i.SPI_I2S_ClearITPendingBit), (20 bytes).
    Removing stm32f10x_spi.o(i.SPI_I2S_DMACmd), (18 bytes).
    Removing stm32f10x_spi.o(i.SPI_I2S_DeInit), (88 bytes).
    Removing stm32f10x_spi.o(i.SPI_I2S_GetFlagStatus), (18 bytes).
    Removing stm32f10x_spi.o(i.SPI_I2S_GetITStatus), (52 bytes).
    Removing stm32f10x_spi.o(i.SPI_I2S_ITConfig), (32 bytes).
    Removing stm32f10x_spi.o(i.SPI_I2S_ReceiveData), (6 bytes).
    Removing stm32f10x_spi.o(i.SPI_I2S_SendData), (4 bytes).
    Removing stm32f10x_spi.o(i.SPI_Init), (60 bytes).
    Removing stm32f10x_spi.o(i.SPI_NSSInternalSoftwareConfig), (30 bytes).
    Removing stm32f10x_spi.o(i.SPI_SSOutputCmd), (24 bytes).
    Removing stm32f10x_spi.o(i.SPI_StructInit), (24 bytes).
    Removing stm32f10x_spi.o(i.SPI_TransmitCRC), (10 bytes).
    Removing stm32f10x_tim.o(i.TI1_Config), (128 bytes).
    Removing stm32f10x_tim.o(i.TI2_Config), (152 bytes).
    Removing stm32f10x_tim.o(i.TI3_Config), (144 bytes).
    Removing stm32f10x_tim.o(i.TI4_Config), (152 bytes).
    Removing stm32f10x_tim.o(i.TIM_ARRPreloadConfig), (24 bytes).
    Removing stm32f10x_tim.o(i.TIM_BDTRConfig), (32 bytes).
    Removing stm32f10x_tim.o(i.TIM_BDTRStructInit), (18 bytes).
    Removing stm32f10x_tim.o(i.TIM_CCPreloadControl), (24 bytes).
    Removing stm32f10x_tim.o(i.TIM_CCxCmd), (30 bytes).
    Removing stm32f10x_tim.o(i.TIM_CCxNCmd), (30 bytes).
    Removing stm32f10x_tim.o(i.TIM_ClearFlag), (6 bytes).
    Removing stm32f10x_tim.o(i.TIM_ClearOC1Ref), (18 bytes).
    Removing stm32f10x_tim.o(i.TIM_ClearOC2Ref), (24 bytes).
    Removing stm32f10x_tim.o(i.TIM_ClearOC3Ref), (18 bytes).
    Removing stm32f10x_tim.o(i.TIM_ClearOC4Ref), (24 bytes).
    Removing stm32f10x_tim.o(i.TIM_Cmd), (24 bytes).
    Removing stm32f10x_tim.o(i.TIM_CounterModeConfig), (18 bytes).
    Removing stm32f10x_tim.o(i.TIM_CtrlPWMOutputs), (30 bytes).
    Removing stm32f10x_tim.o(i.TIM_DMACmd), (18 bytes).
    Removing stm32f10x_tim.o(i.TIM_DMAConfig), (10 bytes).
    Removing stm32f10x_tim.o(i.TIM_DeInit), (488 bytes).
    Removing stm32f10x_tim.o(i.TIM_ETRClockMode1Config), (54 bytes).
    Removing stm32f10x_tim.o(i.TIM_ETRClockMode2Config), (32 bytes).
    Removing stm32f10x_tim.o(i.TIM_ETRConfig), (28 bytes).
    Removing stm32f10x_tim.o(i.TIM_EncoderInterfaceConfig), (66 bytes).
    Removing stm32f10x_tim.o(i.TIM_ForcedOC1Config), (18 bytes).
    Removing stm32f10x_tim.o(i.TIM_ForcedOC2Config), (26 bytes).
    Removing stm32f10x_tim.o(i.TIM_ForcedOC3Config), (18 bytes).
    Removing stm32f10x_tim.o(i.TIM_ForcedOC4Config), (26 bytes).
    Removing stm32f10x_tim.o(i.TIM_GenerateEvent), (4 bytes).
    Removing stm32f10x_tim.o(i.TIM_GetCapture1), (6 bytes).
    Removing stm32f10x_tim.o(i.TIM_GetCapture2), (6 bytes).
    Removing stm32f10x_tim.o(i.TIM_GetCapture3), (6 bytes).
    Removing stm32f10x_tim.o(i.TIM_GetCapture4), (8 bytes).
    Removing stm32f10x_tim.o(i.TIM_GetCounter), (6 bytes).
    Removing stm32f10x_tim.o(i.TIM_GetFlagStatus), (18 bytes).
    Removing stm32f10x_tim.o(i.TIM_GetPrescaler), (6 bytes).
    Removing stm32f10x_tim.o(i.TIM_ICInit), (172 bytes).
    Removing stm32f10x_tim.o(i.TIM_ICStructInit), (18 bytes).
    Removing stm32f10x_tim.o(i.TIM_ITConfig), (18 bytes).
    Removing stm32f10x_tim.o(i.TIM_ITRxExternalClockConfig), (24 bytes).
    Removing stm32f10x_tim.o(i.TIM_InternalClockConfig), (12 bytes).
    Removing stm32f10x_tim.o(i.TIM_OC1FastConfig), (18 bytes).
    Removing stm32f10x_tim.o(i.TIM_OC1Init), (152 bytes).
    Removing stm32f10x_tim.o(i.TIM_OC1NPolarityConfig), (18 bytes).
    Removing stm32f10x_tim.o(i.TIM_OC1PolarityConfig), (18 bytes).
    Removing stm32f10x_tim.o(i.TIM_OC1PreloadConfig), (18 bytes).
    Removing stm32f10x_tim.o(i.TIM_OC2FastConfig), (26 bytes).
    Removing stm32f10x_tim.o(i.TIM_OC2Init), (164 bytes).
    Removing stm32f10x_tim.o(i.TIM_OC2NPolarityConfig), (26 bytes).
    Removing stm32f10x_tim.o(i.TIM_OC2PolarityConfig), (26 bytes).
    Removing stm32f10x_tim.o(i.TIM_OC2PreloadConfig), (26 bytes).
    Removing stm32f10x_tim.o(i.TIM_OC3FastConfig), (18 bytes).
    Removing stm32f10x_tim.o(i.TIM_OC3Init), (160 bytes).
    Removing stm32f10x_tim.o(i.TIM_OC3NPolarityConfig), (26 bytes).
    Removing stm32f10x_tim.o(i.TIM_OC3PolarityConfig), (26 bytes).
    Removing stm32f10x_tim.o(i.TIM_OC3PreloadConfig), (18 bytes).
    Removing stm32f10x_tim.o(i.TIM_OC4FastConfig), (26 bytes).
    Removing stm32f10x_tim.o(i.TIM_OC4Init), (124 bytes).
    Removing stm32f10x_tim.o(i.TIM_OC4PolarityConfig), (26 bytes).
    Removing stm32f10x_tim.o(i.TIM_OC4PreloadConfig), (26 bytes).
    Removing stm32f10x_tim.o(i.TIM_OCStructInit), (20 bytes).
    Removing stm32f10x_tim.o(i.TIM_PWMIConfig), (124 bytes).
    Removing stm32f10x_tim.o(i.TIM_PrescalerConfig), (6 bytes).
    Removing stm32f10x_tim.o(i.TIM_SelectCCDMA), (24 bytes).
    Removing stm32f10x_tim.o(i.TIM_SelectCOM), (24 bytes).
    Removing stm32f10x_tim.o(i.TIM_SelectHallSensor), (24 bytes).
    Removing stm32f10x_tim.o(i.TIM_SelectInputTrigger), (18 bytes).
    Removing stm32f10x_tim.o(i.TIM_SelectMasterSlaveMode), (18 bytes).
    Removing stm32f10x_tim.o(i.TIM_SelectOCxM), (82 bytes).
    Removing stm32f10x_tim.o(i.TIM_SelectOnePulseMode), (18 bytes).
    Removing stm32f10x_tim.o(i.TIM_SelectOutputTrigger), (18 bytes).
    Removing stm32f10x_tim.o(i.TIM_SelectSlaveMode), (18 bytes).
    Removing stm32f10x_tim.o(i.TIM_SetAutoreload), (4 bytes).
    Removing stm32f10x_tim.o(i.TIM_SetClockDivision), (18 bytes).
    Removing stm32f10x_tim.o(i.TIM_SetCompare1), (4 bytes).
    Removing stm32f10x_tim.o(i.TIM_SetCompare2), (4 bytes).
    Removing stm32f10x_tim.o(i.TIM_SetCompare3), (4 bytes).
    Removing stm32f10x_tim.o(i.TIM_SetCompare4), (6 bytes).
    Removing stm32f10x_tim.o(i.TIM_SetCounter), (4 bytes).
    Removing stm32f10x_tim.o(i.TIM_SetIC1Prescaler), (18 bytes).
    Removing stm32f10x_tim.o(i.TIM_SetIC2Prescaler), (26 bytes).
    Removing stm32f10x_tim.o(i.TIM_SetIC3Prescaler), (18 bytes).
    Removing stm32f10x_tim.o(i.TIM_SetIC4Prescaler), (26 bytes).
    Removing stm32f10x_tim.o(i.TIM_TIxExternalClockConfig), (62 bytes).
    Removing stm32f10x_tim.o(i.TIM_TimeBaseInit), (164 bytes).
    Removing stm32f10x_tim.o(i.TIM_TimeBaseStructInit), (18 bytes).
    Removing stm32f10x_tim.o(i.TIM_UpdateDisableConfig), (24 bytes).
    Removing stm32f10x_tim.o(i.TIM_UpdateRequestConfig), (24 bytes).
    Removing stm32f10x_usart.o(i.USART_ClearITPendingBit), (30 bytes).
    Removing stm32f10x_usart.o(i.USART_ClockInit), (34 bytes).
    Removing stm32f10x_usart.o(i.USART_ClockStructInit), (12 bytes).
    Removing stm32f10x_usart.o(i.USART_DMACmd), (18 bytes).
    Removing stm32f10x_usart.o(i.USART_DeInit), (156 bytes).
    Removing stm32f10x_usart.o(i.USART_HalfDuplexCmd), (24 bytes).
    Removing stm32f10x_usart.o(i.USART_IrDACmd), (24 bytes).
    Removing stm32f10x_usart.o(i.USART_IrDAConfig), (18 bytes).
    Removing stm32f10x_usart.o(i.USART_LINBreakDetectLengthConfig), (18 bytes).
    Removing stm32f10x_usart.o(i.USART_LINCmd), (24 bytes).
    Removing stm32f10x_usart.o(i.USART_OneBitMethodCmd), (24 bytes).
    Removing stm32f10x_usart.o(i.USART_OverSampling8Cmd), (22 bytes).
    Removing stm32f10x_usart.o(i.USART_ReceiverWakeUpCmd), (24 bytes).
    Removing stm32f10x_usart.o(i.USART_SendBreak), (10 bytes).
    Removing stm32f10x_usart.o(i.USART_SetAddress), (18 bytes).
    Removing stm32f10x_usart.o(i.USART_SetGuardTime), (16 bytes).
    Removing stm32f10x_usart.o(i.USART_SetPrescaler), (16 bytes).
    Removing stm32f10x_usart.o(i.USART_SmartCardCmd), (24 bytes).
    Removing stm32f10x_usart.o(i.USART_SmartCardNACKCmd), (24 bytes).
    Removing stm32f10x_usart.o(i.USART_StructInit), (24 bytes).
    Removing stm32f10x_usart.o(i.USART_WakeUpConfig), (18 bytes).
    Removing stm32f10x_wwdg.o(i.WWDG_ClearFlag), (12 bytes).
    Removing stm32f10x_wwdg.o(i.WWDG_DeInit), (22 bytes).
    Removing stm32f10x_wwdg.o(i.WWDG_Enable), (16 bytes).
    Removing stm32f10x_wwdg.o(i.WWDG_EnableIT), (12 bytes).
    Removing stm32f10x_wwdg.o(i.WWDG_GetFlagStatus), (12 bytes).
    Removing stm32f10x_wwdg.o(i.WWDG_SetCounter), (16 bytes).
    Removing stm32f10x_wwdg.o(i.WWDG_SetPrescaler), (24 bytes).
    Removing stm32f10x_wwdg.o(i.WWDG_SetWindowValue), (40 bytes).
    Removing startup_stm32f10x_hd.o(HEAP), (512 bytes).

534 unused section(s) (total 27858 bytes) removed from the image.

==============================================================================

Image Symbol Table

    Local Symbols

    Symbol Name                              Value     Ov Type        Size  Object(Section)

    ../clib/microlib/division.c              0x00000000   Number         0  uldiv.o ABSOLUTE
    ../clib/microlib/division.c              0x00000000   Number         0  uidiv.o ABSOLUTE
    ../clib/microlib/init/entry.s            0x00000000   Number         0  entry5.o ABSOLUTE
    ../clib/microlib/init/entry.s            0x00000000   Number         0  entry12a.o ABSOLUTE
    ../clib/microlib/init/entry.s            0x00000000   Number         0  entry12b.o ABSOLUTE
    ../clib/microlib/init/entry.s            0x00000000   Number         0  entry11a.o ABSOLUTE
    ../clib/microlib/init/entry.s            0x00000000   Number         0  entry8a.o ABSOLUTE
    ../clib/microlib/init/entry.s            0x00000000   Number         0  entry10a.o ABSOLUTE
    ../clib/microlib/init/entry.s            0x00000000   Number         0  entry2.o ABSOLUTE
    ../clib/microlib/init/entry.s            0x00000000   Number         0  entry10b.o ABSOLUTE
    ../clib/microlib/init/entry.s            0x00000000   Number         0  entry9b.o ABSOLUTE
    ../clib/microlib/init/entry.s            0x00000000   Number         0  entry7b.o ABSOLUTE
    ../clib/microlib/init/entry.s            0x00000000   Number         0  entry9a.o ABSOLUTE
    ../clib/microlib/init/entry.s            0x00000000   Number         0  entry.o ABSOLUTE
    ../clib/microlib/init/entry.s            0x00000000   Number         0  entry8b.o ABSOLUTE
    ../clib/microlib/init/entry.s            0x00000000   Number         0  entry7a.o ABSOLUTE
    ../clib/microlib/init/entry.s            0x00000000   Number         0  entry11b.o ABSOLUTE
    ../clib/microlib/longlong.c              0x00000000   Number         0  llshl.o ABSOLUTE
    ../clib/microlib/longlong.c              0x00000000   Number         0  llsshr.o ABSOLUTE
    ../clib/microlib/longlong.c              0x00000000   Number         0  llushr.o ABSOLUTE
    ../clib/microlib/printf/printf.c         0x00000000   Number         0  printf3.o ABSOLUTE
    ../clib/microlib/printf/printf.c         0x00000000   Number         0  printfb.o ABSOLUTE
    ../clib/microlib/printf/printf.c         0x00000000   Number         0  printf0.o ABSOLUTE
    ../clib/microlib/printf/printf.c         0x00000000   Number         0  printf4.o ABSOLUTE
    ../clib/microlib/printf/printf.c         0x00000000   Number         0  printf7.o ABSOLUTE
    ../clib/microlib/printf/printf.c         0x00000000   Number         0  printf8.o ABSOLUTE
    ../clib/microlib/printf/printf.c         0x00000000   Number         0  printf1.o ABSOLUTE
    ../clib/microlib/printf/printf.c         0x00000000   Number         0  printf2.o ABSOLUTE
    ../clib/microlib/printf/printf.c         0x00000000   Number         0  printf5.o ABSOLUTE
    ../clib/microlib/printf/printf.c         0x00000000   Number         0  printf6.o ABSOLUTE
    ../clib/microlib/printf/printf.c         0x00000000   Number         0  printfa.o ABSOLUTE
    ../clib/microlib/printf/stubs.s          0x00000000   Number         0  stubs.o ABSOLUTE
    ../clib/microlib/stdio/streams.c         0x00000000   Number         0  stdout.o ABSOLUTE
    ../clib/microlib/string/memcpy.c         0x00000000   Number         0  memcpya.o ABSOLUTE
    ../clib/microlib/string/memcpy.c         0x00000000   Number         0  memcpyb.o ABSOLUTE
    ../clib/microlib/string/memset.c         0x00000000   Number         0  memseta.o ABSOLUTE
    ../clib/microlib/string/strcmp.c         0x00000000   Number         0  strcmp.o ABSOLUTE
    ../clib/microlib/string/strlen.c         0x00000000   Number         0  strlen.o ABSOLUTE
    ../clib/microlib/string/strncmp.c        0x00000000   Number         0  strncmp.o ABSOLUTE
    ../clib/microlib/stubs.s                 0x00000000   Number         0  iusefp.o ABSOLUTE
    ../fplib/microlib/d2f.c                  0x00000000   Number         0  d2f.o ABSOLUTE
    ../fplib/microlib/f2d.c                  0x00000000   Number         0  f2d.o ABSOLUTE
    ../fplib/microlib/fpadd.c                0x00000000   Number         0  dadd.o ABSOLUTE
    ../fplib/microlib/fpdiv.c                0x00000000   Number         0  ddiv.o ABSOLUTE
    ../fplib/microlib/fpepilogue.c           0x00000000   Number         0  fepilogue.o ABSOLUTE
    ../fplib/microlib/fpepilogue.c           0x00000000   Number         0  depilogue.o ABSOLUTE
    ../fplib/microlib/fpfix.c                0x00000000   Number         0  dfixul.o ABSOLUTE
    ../fplib/microlib/fpflt.c                0x00000000   Number         0  dfltui.o ABSOLUTE
    ../fplib/microlib/fpmul.c                0x00000000   Number         0  dmul.o ABSOLUTE
    ..\..\Drivers\BSP\BEEP\src\beep.c        0x00000000   Number         0  beep.o ABSOLUTE
    ..\..\Drivers\BSP\DHT11\src\dht11.c      0x00000000   Number         0  dht11.o ABSOLUTE
    ..\..\Drivers\BSP\ESP32\src\esp.c        0x00000000   Number         0  esp.o ABSOLUTE
    ..\..\Drivers\BSP\EXTI\src\exti.c        0x00000000   Number         0  exti.o ABSOLUTE
    ..\..\Drivers\BSP\KEY\src\key.c          0x00000000   Number         0  key.o ABSOLUTE
    ..\..\Drivers\BSP\LED\src\led.c          0x00000000   Number         0  led.o ABSOLUTE
    ..\..\Drivers\BSP\TIMER\src\timer.c      0x00000000   Number         0  timer.o ABSOLUTE
    ..\..\Drivers\CMSIS\startup\startup_stm32f10x_hd.s 0x00000000   Number         0  startup_stm32f10x_hd.o ABSOLUTE
    ..\..\Drivers\CMSIS\system_stm32f10x.c   0x00000000   Number         0  system_stm32f10x.o ABSOLUTE
    ..\..\Drivers\STM32F1xx_HAL_Driver\src\misc.c 0x00000000   Number         0  misc.o ABSOLUTE
    ..\..\Drivers\STM32F1xx_HAL_Driver\src\stm32f10x_adc.c 0x00000000   Number         0  stm32f10x_adc.o ABSOLUTE
    ..\..\Drivers\STM32F1xx_HAL_Driver\src\stm32f10x_bkp.c 0x00000000   Number         0  stm32f10x_bkp.o ABSOLUTE
    ..\..\Drivers\STM32F1xx_HAL_Driver\src\stm32f10x_can.c 0x00000000   Number         0  stm32f10x_can.o ABSOLUTE
    ..\..\Drivers\STM32F1xx_HAL_Driver\src\stm32f10x_cec.c 0x00000000   Number         0  stm32f10x_cec.o ABSOLUTE
    ..\..\Drivers\STM32F1xx_HAL_Driver\src\stm32f10x_crc.c 0x00000000   Number         0  stm32f10x_crc.o ABSOLUTE
    ..\..\Drivers\STM32F1xx_HAL_Driver\src\stm32f10x_dac.c 0x00000000   Number         0  stm32f10x_dac.o ABSOLUTE
    ..\..\Drivers\STM32F1xx_HAL_Driver\src\stm32f10x_dbgmcu.c 0x00000000   Number         0  stm32f10x_dbgmcu.o ABSOLUTE
    ..\..\Drivers\STM32F1xx_HAL_Driver\src\stm32f10x_dma.c 0x00000000   Number         0  stm32f10x_dma.o ABSOLUTE
    ..\..\Drivers\STM32F1xx_HAL_Driver\src\stm32f10x_exti.c 0x00000000   Number         0  stm32f10x_exti.o ABSOLUTE
    ..\..\Drivers\STM32F1xx_HAL_Driver\src\stm32f10x_flash.c 0x00000000   Number         0  stm32f10x_flash.o ABSOLUTE
    ..\..\Drivers\STM32F1xx_HAL_Driver\src\stm32f10x_fsmc.c 0x00000000   Number         0  stm32f10x_fsmc.o ABSOLUTE
    ..\..\Drivers\STM32F1xx_HAL_Driver\src\stm32f10x_gpio.c 0x00000000   Number         0  stm32f10x_gpio.o ABSOLUTE
    ..\..\Drivers\STM32F1xx_HAL_Driver\src\stm32f10x_i2c.c 0x00000000   Number         0  stm32f10x_i2c.o ABSOLUTE
    ..\..\Drivers\STM32F1xx_HAL_Driver\src\stm32f10x_iwdg.c 0x00000000   Number         0  stm32f10x_iwdg.o ABSOLUTE
    ..\..\Drivers\STM32F1xx_HAL_Driver\src\stm32f10x_pwr.c 0x00000000   Number         0  stm32f10x_pwr.o ABSOLUTE
    ..\..\Drivers\STM32F1xx_HAL_Driver\src\stm32f10x_rcc.c 0x00000000   Number         0  stm32f10x_rcc.o ABSOLUTE
    ..\..\Drivers\STM32F1xx_HAL_Driver\src\stm32f10x_rtc.c 0x00000000   Number         0  stm32f10x_rtc.o ABSOLUTE
    ..\..\Drivers\STM32F1xx_HAL_Driver\src\stm32f10x_sdio.c 0x00000000   Number         0  stm32f10x_sdio.o ABSOLUTE
    ..\..\Drivers\STM32F1xx_HAL_Driver\src\stm32f10x_spi.c 0x00000000   Number         0  stm32f10x_spi.o ABSOLUTE
    ..\..\Drivers\STM32F1xx_HAL_Driver\src\stm32f10x_tim.c 0x00000000   Number         0  stm32f10x_tim.o ABSOLUTE
    ..\..\Drivers\STM32F1xx_HAL_Driver\src\stm32f10x_usart.c 0x00000000   Number         0  stm32f10x_usart.o ABSOLUTE
    ..\..\Drivers\STM32F1xx_HAL_Driver\src\stm32f10x_wwdg.c 0x00000000   Number         0  stm32f10x_wwdg.o ABSOLUTE
    ..\..\Drivers\SYSTEM\DELAY\src\delay.c   0x00000000   Number         0  delay.o ABSOLUTE
    ..\..\Drivers\SYSTEM\USART\src\usart.c   0x00000000   Number         0  usart.o ABSOLUTE
    ..\..\FreeRTOS\port\MemMang\heap_4.c     0x00000000   Number         0  heap_4.o ABSOLUTE
    ..\..\FreeRTOS\port\RVDS\ARM_CM3\port.c  0x00000000   Number         0  port.o ABSOLUTE
    ..\..\FreeRTOS\src\croutine.c            0x00000000   Number         0  croutine.o ABSOLUTE
    ..\..\FreeRTOS\src\event_groups.c        0x00000000   Number         0  event_groups.o ABSOLUTE
    ..\..\FreeRTOS\src\list.c                0x00000000   Number         0  list.o ABSOLUTE
    ..\..\FreeRTOS\src\queue.c               0x00000000   Number         0  queue.o ABSOLUTE
    ..\..\FreeRTOS\src\tasks.c               0x00000000   Number         0  tasks.o ABSOLUTE
    ..\..\FreeRTOS\src\timers.c              0x00000000   Number         0  timers.o ABSOLUTE
    ..\..\User\main_RTOS.c                   0x00000000   Number         0  main_rtos.o ABSOLUTE
    ..\..\User\stm32f10x_it.c                0x00000000   Number         0  stm32f10x_it.o ABSOLUTE
    ..\\..\\FreeRTOS\\port\\RVDS\\ARM_CM3\\port.c 0x00000000   Number         0  port.o ABSOLUTE
    cdrcmple.s                               0x00000000   Number         0  cdrcmple.o ABSOLUTE
    dc.s                                     0x00000000   Number         0  dc.o ABSOLUTE
    handlers.s                               0x00000000   Number         0  handlers.o ABSOLUTE
    init.s                                   0x00000000   Number         0  init.o ABSOLUTE
    RESET                                    0x08000000   Section      304  startup_stm32f10x_hd.o(RESET)
    .ARM.Collect$$$$00000000                 0x08000130   Section        0  entry.o(.ARM.Collect$$$$00000000)
    .ARM.Collect$$$$00000001                 0x08000130   Section        4  entry2.o(.ARM.Collect$$$$00000001)
    .ARM.Collect$$$$00000004                 0x08000134   Section        4  entry5.o(.ARM.Collect$$$$00000004)
    .ARM.Collect$$$$00000008                 0x08000138   Section        0  entry7b.o(.ARM.Collect$$$$00000008)
    .ARM.Collect$$$$0000000A                 0x08000138   Section        0  entry8b.o(.ARM.Collect$$$$0000000A)
    .ARM.Collect$$$$0000000B                 0x08000138   Section        8  entry9a.o(.ARM.Collect$$$$0000000B)
    .ARM.Collect$$$$0000000E                 0x08000140   Section        4  entry12b.o(.ARM.Collect$$$$0000000E)
    .ARM.Collect$$$$0000000F                 0x08000144   Section        0  entry10a.o(.ARM.Collect$$$$0000000F)
    .ARM.Collect$$$$00000011                 0x08000144   Section        0  entry11a.o(.ARM.Collect$$$$00000011)
    .ARM.Collect$$$$00002712                 0x08000144   Section        4  entry2.o(.ARM.Collect$$$$00002712)
    __lit__00000000                          0x08000144   Data           4  entry2.o(.ARM.Collect$$$$00002712)
    .emb_text                                0x08000148   Section      150  port.o(.emb_text)
    .text                                    0x080001e0   Section       36  startup_stm32f10x_hd.o(.text)
    .text                                    0x08000204   Section        0  memseta.o(.text)
    .text                                    0x08000228   Section        0  strlen.o(.text)
    .text                                    0x08000236   Section        0  strcmp.o(.text)
    .text                                    0x08000252   Section        0  dadd.o(.text)
    .text                                    0x080003a0   Section        0  dmul.o(.text)
    .text                                    0x08000484   Section        0  ddiv.o(.text)
    .text                                    0x08000562   Section        0  dfltui.o(.text)
    .text                                    0x0800057c   Section        0  f2d.o(.text)
    .text                                    0x080005a2   Section        0  d2f.o(.text)
    .text                                    0x080005da   Section        0  uidiv.o(.text)
    .text                                    0x08000606   Section        0  uldiv.o(.text)
    .text                                    0x08000668   Section        0  llshl.o(.text)
    .text                                    0x08000686   Section        0  llsshr.o(.text)
    .text                                    0x080006aa   Section        0  fepilogue.o(.text)
    .text                                    0x080006aa   Section        0  iusefp.o(.text)
    .text                                    0x08000718   Section        0  depilogue.o(.text)
    .text                                    0x080007d2   Section        0  dfixul.o(.text)
    .text                                    0x08000804   Section       48  cdrcmple.o(.text)
    .text                                    0x08000834   Section       36  init.o(.text)
    .text                                    0x08000858   Section        0  llushr.o(.text)
    i.AppTaskCreate                          0x08000878   Section        0  main_rtos.o(i.AppTaskCreate)
    AppTaskCreate                            0x08000879   Thumb Code   152  main_rtos.o(i.AppTaskCreate)
    i.BSP_Init                               0x080009c8   Section        0  main_rtos.o(i.BSP_Init)
    BSP_Init                                 0x080009c9   Thumb Code    62  main_rtos.o(i.BSP_Init)
    i.BusFault_Handler                       0x08000a4c   Section        0  stm32f10x_it.o(i.BusFault_Handler)
    i.DHT11_GPIO_Config                      0x08000a50   Section        0  dht11.o(i.DHT11_GPIO_Config)
    DHT11_GPIO_Config                        0x08000a51   Thumb Code    38  dht11.o(i.DHT11_GPIO_Config)
    i.DHT11_Get_Humiture                     0x08000a7c   Section        0  dht11.o(i.DHT11_Get_Humiture)
    i.DHT11_Init                             0x08000b24   Section        0  dht11.o(i.DHT11_Init)
    i.DHT11_Mode_IPU                         0x08000b38   Section        0  dht11.o(i.DHT11_Mode_IPU)
    DHT11_Mode_IPU                           0x08000b39   Thumb Code    24  dht11.o(i.DHT11_Mode_IPU)
    i.DHT11_Mode_Out_PP                      0x08000b54   Section        0  dht11.o(i.DHT11_Mode_Out_PP)
    DHT11_Mode_Out_PP                        0x08000b55   Thumb Code    30  dht11.o(i.DHT11_Mode_Out_PP)
    i.DHT11_ReadByte                         0x08000b78   Section        0  dht11.o(i.DHT11_ReadByte)
    DHT11_ReadByte                           0x08000b79   Thumb Code    90  dht11.o(i.DHT11_ReadByte)
    i.DHT11_Read_TempAndHumidity             0x08000bd8   Section        0  dht11.o(i.DHT11_Read_TempAndHumidity)
    i.DHT11_Task                             0x08000c78   Section        0  main_rtos.o(i.DHT11_Task)
    DHT11_Task                               0x08000c79   Thumb Code    62  main_rtos.o(i.DHT11_Task)
    i.DebugMon_Handler                       0x08000d04   Section        0  stm32f10x_it.o(i.DebugMon_Handler)
    i.Delay_SW_Ms                            0x08000d06   Section        0  delay.o(i.Delay_SW_Ms)
    i.Delay_SW_Us                            0x08000d26   Section        0  delay.o(i.Delay_SW_Us)
    i.ESP_Task                               0x08000d44   Section        0  main_rtos.o(i.ESP_Task)
    ESP_Task                                 0x08000d45   Thumb Code    30  main_rtos.o(i.ESP_Task)
    i.EXTI0_IRQHandler                       0x08000d8c   Section        0  exti.o(i.EXTI0_IRQHandler)
    i.EXTI15_10_IRQHandler                   0x08000da4   Section        0  exti.o(i.EXTI15_10_IRQHandler)
    i.EXTI_ClearITPendingBit                 0x08000dc0   Section        0  stm32f10x_exti.o(i.EXTI_ClearITPendingBit)
    i.EXTI_GetITStatus                       0x08000dcc   Section        0  stm32f10x_exti.o(i.EXTI_GetITStatus)
    i.Esp_PUB                                0x08000df4   Section        0  esp.o(i.Esp_PUB)
    i.Esp_SUB                                0x08000e94   Section        0  esp.o(i.Esp_SUB)
    i.GPIO_Init                              0x08000ef4   Section        0  stm32f10x_gpio.o(i.GPIO_Init)
    i.GPIO_ReadInputDataBit                  0x0800100a   Section        0  stm32f10x_gpio.o(i.GPIO_ReadInputDataBit)
    i.GPIO_ResetBits                         0x0800101c   Section        0  stm32f10x_gpio.o(i.GPIO_ResetBits)
    i.GPIO_SetBits                           0x08001020   Section        0  stm32f10x_gpio.o(i.GPIO_SetBits)
    i.Get_KEY_Status                         0x08001024   Section        0  key.o(i.Get_KEY_Status)
    i.HardFault_Handler                      0x0800104e   Section        0  stm32f10x_it.o(i.HardFault_Handler)
    i.KEY_Task                               0x08001054   Section        0  main_rtos.o(i.KEY_Task)
    KEY_Task                                 0x08001055   Thumb Code    60  main_rtos.o(i.KEY_Task)
    i.Key_Init                               0x080010a8   Section        0  key.o(i.Key_Init)
    i.LED_Task                               0x080010f8   Section        0  main_rtos.o(i.LED_Task)
    LED_Task                                 0x080010f9   Thumb Code    26  main_rtos.o(i.LED_Task)
    i.Led_B_Off                              0x08001118   Section        0  led.o(i.Led_B_Off)
    i.Led_B_On                               0x08001138   Section        0  led.o(i.Led_B_On)
    i.Led_G_On                               0x08001158   Section        0  led.o(i.Led_G_On)
    i.Led_Init                               0x08001178   Section        0  led.o(i.Led_Init)
    i.Led_R_On                               0x080011f0   Section        0  led.o(i.Led_R_On)
    i.MemManage_Handler                      0x08001210   Section        0  stm32f10x_it.o(i.MemManage_Handler)
    i.NMI_Handler                            0x08001214   Section        0  stm32f10x_it.o(i.NMI_Handler)
    i.NVIC_Init                              0x08001218   Section        0  misc.o(i.NVIC_Init)
    i.NVIC_PriorityGroupConfig               0x08001288   Section        0  misc.o(i.NVIC_PriorityGroupConfig)
    i.NVIC_Usart1_Init                       0x0800129c   Section        0  usart.o(i.NVIC_Usart1_Init)
    NVIC_Usart1_Init                         0x0800129d   Thumb Code    32  usart.o(i.NVIC_Usart1_Init)
    i.NVIC_Usart2_Init                       0x080012bc   Section        0  usart.o(i.NVIC_Usart2_Init)
    NVIC_Usart2_Init                         0x080012bd   Thumb Code    32  usart.o(i.NVIC_Usart2_Init)
    i.NVIC_Usart3_Init                       0x080012dc   Section        0  usart.o(i.NVIC_Usart3_Init)
    NVIC_Usart3_Init                         0x080012dd   Thumb Code    32  usart.o(i.NVIC_Usart3_Init)
    i.RCC_APB1PeriphClockCmd                 0x080012fc   Section        0  stm32f10x_rcc.o(i.RCC_APB1PeriphClockCmd)
    i.RCC_APB2PeriphClockCmd                 0x0800131c   Section        0  stm32f10x_rcc.o(i.RCC_APB2PeriphClockCmd)
    i.RCC_GetClocksFreq                      0x0800133c   Section        0  stm32f10x_rcc.o(i.RCC_GetClocksFreq)
    i.SetSysClock                            0x08001410   Section        0  system_stm32f10x.o(i.SetSysClock)
    SetSysClock                              0x08001411   Thumb Code     8  system_stm32f10x.o(i.SetSysClock)
    i.SetSysClockTo72                        0x08001418   Section        0  system_stm32f10x.o(i.SetSysClockTo72)
    SetSysClockTo72                          0x08001419   Thumb Code   214  system_stm32f10x.o(i.SetSysClockTo72)
    i.SysTick_Handler                        0x080014f8   Section        0  stm32f10x_it.o(i.SysTick_Handler)
    i.SystemInit                             0x08001500   Section        0  system_stm32f10x.o(i.SystemInit)
    i.TIM6_IRQHandler                        0x08001560   Section        0  stm32f10x_it.o(i.TIM6_IRQHandler)
    i.TIM_ClearITPendingBit                  0x08001590   Section        0  stm32f10x_tim.o(i.TIM_ClearITPendingBit)
    i.TIM_GetITStatus                        0x08001596   Section        0  stm32f10x_tim.o(i.TIM_GetITStatus)
    i.USART1_IRQHandler                      0x080015b8   Section        0  usart.o(i.USART1_IRQHandler)
    i.USART2_IRQHandler                      0x080015e8   Section        0  usart.o(i.USART2_IRQHandler)
    i.USART_ClearFlag                        0x0800165c   Section        0  stm32f10x_usart.o(i.USART_ClearFlag)
    i.USART_Cmd                              0x0800166e   Section        0  stm32f10x_usart.o(i.USART_Cmd)
    i.USART_GetFlagStatus                    0x08001686   Section        0  stm32f10x_usart.o(i.USART_GetFlagStatus)
    i.USART_GetITStatus                      0x080016a0   Section        0  stm32f10x_usart.o(i.USART_GetITStatus)
    i.USART_ITConfig                         0x080016f4   Section        0  stm32f10x_usart.o(i.USART_ITConfig)
    i.USART_Init                             0x08001740   Section        0  stm32f10x_usart.o(i.USART_Init)
    i.USART_ReceiveData                      0x08001818   Section        0  stm32f10x_usart.o(i.USART_ReceiveData)
    i.USART_SendData                         0x08001822   Section        0  stm32f10x_usart.o(i.USART_SendData)
    i.UsageFault_Handler                     0x0800182a   Section        0  stm32f10x_it.o(i.UsageFault_Handler)
    i.Usart1_Init                            0x08001830   Section        0  usart.o(i.Usart1_Init)
    i.Usart2_Init                            0x080018c4   Section        0  usart.o(i.Usart2_Init)
    i.Usart3_Init                            0x08001954   Section        0  usart.o(i.Usart3_Init)
    i.Usart_Init                             0x080019e8   Section        0  usart.o(i.Usart_Init)
    i.Usart_Printf                           0x080019f8   Section        0  usart.o(i.Usart_Printf)
    i.__0printf                              0x08001a4c   Section        0  printfa.o(i.__0printf)
    i.__0vsprintf                            0x08001a6c   Section        0  printfa.o(i.__0vsprintf)
    i.__scatterload_copy                     0x08001a90   Section       14  handlers.o(i.__scatterload_copy)
    i.__scatterload_null                     0x08001a9e   Section        2  handlers.o(i.__scatterload_null)
    i.__scatterload_zeroinit                 0x08001aa0   Section       14  handlers.o(i.__scatterload_zeroinit)
    i._fp_digits                             0x08001ab0   Section        0  printfa.o(i._fp_digits)
    _fp_digits                               0x08001ab1   Thumb Code   366  printfa.o(i._fp_digits)
    i._printf_core                           0x08001c34   Section        0  printfa.o(i._printf_core)
    _printf_core                             0x08001c35   Thumb Code  1704  printfa.o(i._printf_core)
    i._printf_post_padding                   0x080022e8   Section        0  printfa.o(i._printf_post_padding)
    _printf_post_padding                     0x080022e9   Thumb Code    36  printfa.o(i._printf_post_padding)
    i._printf_pre_padding                    0x0800230c   Section        0  printfa.o(i._printf_pre_padding)
    _printf_pre_padding                      0x0800230d   Thumb Code    46  printfa.o(i._printf_pre_padding)
    i._sputc                                 0x0800233a   Section        0  printfa.o(i._sputc)
    _sputc                                   0x0800233b   Thumb Code    10  printfa.o(i._sputc)
    i.esp_Init                               0x08002344   Section        0  esp.o(i.esp_Init)
    i.fputc                                  0x0800251c   Section        0  usart.o(i.fputc)
    i.main                                   0x08002540   Section        0  main_rtos.o(i.main)
    i.prvAddCurrentTaskToDelayedList         0x080025d4   Section        0  tasks.o(i.prvAddCurrentTaskToDelayedList)
    prvAddCurrentTaskToDelayedList           0x080025d5   Thumb Code   124  tasks.o(i.prvAddCurrentTaskToDelayedList)
    i.prvAddNewTaskToReadyList               0x0800266c   Section        0  tasks.o(i.prvAddNewTaskToReadyList)
    prvAddNewTaskToReadyList                 0x0800266d   Thumb Code   150  tasks.o(i.prvAddNewTaskToReadyList)
    i.prvCheckTasksWaitingTermination        0x08002720   Section        0  tasks.o(i.prvCheckTasksWaitingTermination)
    prvCheckTasksWaitingTermination          0x08002721   Thumb Code    86  tasks.o(i.prvCheckTasksWaitingTermination)
    i.prvDeleteTCB                           0x08002784   Section        0  tasks.o(i.prvDeleteTCB)
    prvDeleteTCB                             0x08002785   Thumb Code    18  tasks.o(i.prvDeleteTCB)
    i.prvHeapInit                            0x08002798   Section        0  heap_4.o(i.prvHeapInit)
    prvHeapInit                              0x08002799   Thumb Code    98  heap_4.o(i.prvHeapInit)
    i.prvIdleTask                            0x08002814   Section        0  tasks.o(i.prvIdleTask)
    prvIdleTask                              0x08002815   Thumb Code    32  tasks.o(i.prvIdleTask)
    i.prvInitialiseNewTask                   0x0800283c   Section        0  tasks.o(i.prvInitialiseNewTask)
    prvInitialiseNewTask                     0x0800283d   Thumb Code   154  tasks.o(i.prvInitialiseNewTask)
    i.prvInitialiseTaskLists                 0x08002904   Section        0  tasks.o(i.prvInitialiseTaskLists)
    prvInitialiseTaskLists                   0x08002905   Thumb Code    70  tasks.o(i.prvInitialiseTaskLists)
    i.prvInsertBlockIntoFreeList             0x0800296c   Section        0  heap_4.o(i.prvInsertBlockIntoFreeList)
    prvInsertBlockIntoFreeList               0x0800296d   Thumb Code    96  heap_4.o(i.prvInsertBlockIntoFreeList)
    i.prvResetNextTaskUnblockTime            0x080029d4   Section        0  tasks.o(i.prvResetNextTaskUnblockTime)
    prvResetNextTaskUnblockTime              0x080029d5   Thumb Code    42  tasks.o(i.prvResetNextTaskUnblockTime)
    i.prvTaskExitError                       0x08002a08   Section        0  port.o(i.prvTaskExitError)
    prvTaskExitError                         0x08002a09   Thumb Code    48  port.o(i.prvTaskExitError)
    i.pvPortMalloc                           0x08002a74   Section        0  heap_4.o(i.pvPortMalloc)
    i.pxPortInitialiseStack                  0x08002bc8   Section        0  port.o(i.pxPortInitialiseStack)
    i.uxListRemove                           0x08002bec   Section        0  list.o(i.uxListRemove)
    i.vListInitialise                        0x08002c14   Section        0  list.o(i.vListInitialise)
    i.vListInitialiseItem                    0x08002c2e   Section        0  list.o(i.vListInitialiseItem)
    i.vListInsert                            0x08002c34   Section        0  list.o(i.vListInsert)
    i.vListInsertEnd                         0x08002c68   Section        0  list.o(i.vListInsertEnd)
    i.vPortEnterCritical                     0x08002c80   Section        0  port.o(i.vPortEnterCritical)
    i.vPortExitCritical                      0x08002d04   Section        0  port.o(i.vPortExitCritical)
    i.vPortFree                              0x08002d70   Section        0  heap_4.o(i.vPortFree)
    i.vPortSetupTimerInterrupt               0x08002e28   Section        0  port.o(i.vPortSetupTimerInterrupt)
    i.vTaskDelay                             0x08002e44   Section        0  tasks.o(i.vTaskDelay)
    i.vTaskDelete                            0x08002ec0   Section        0  tasks.o(i.vTaskDelete)
    i.vTaskStartScheduler                    0x08002fd4   Section        0  tasks.o(i.vTaskStartScheduler)
    i.vTaskSuspendAll                        0x08003080   Section        0  tasks.o(i.vTaskSuspendAll)
    i.vTaskSwitchContext                     0x08003090   Section        0  tasks.o(i.vTaskSwitchContext)
    i.xPortStartScheduler                    0x08003140   Section        0  port.o(i.xPortStartScheduler)
    i.xPortSysTickHandler                    0x080031e0   Section        0  port.o(i.xPortSysTickHandler)
    i.xTaskCreate                            0x08003214   Section        0  tasks.o(i.xTaskCreate)
    i.xTaskIncrementTick                     0x08003274   Section        0  tasks.o(i.xTaskIncrementTick)
    i.xTaskResumeAll                         0x080033dc   Section        0  tasks.o(i.xTaskResumeAll)
    .conststring                             0x08003504   Section      569  esp.o(.conststring)
    .data                                    0x20000000   Section       20  system_stm32f10x.o(.data)
    .data                                    0x20000014   Section       44  main_rtos.o(.data)
    AppTaskCreate_Handle                     0x20000014   Data           4  main_rtos.o(.data)
    LED_Task_Handle                          0x20000018   Data           4  main_rtos.o(.data)
    KEY_Task_Handle                          0x2000001c   Data           4  main_rtos.o(.data)
    BEEP_Task_Handle                         0x20000020   Data           4  main_rtos.o(.data)
    ESP_Task_Handle                          0x20000024   Data           4  main_rtos.o(.data)
    DHT11_Task_Handle                        0x20000028   Data           4  main_rtos.o(.data)
    .data                                    0x20000040   Section        5  usart.o(.data)
    .data                                    0x20000048   Section       48  esp.o(.data)
    .data                                    0x20000078   Section        4  delay.o(.data)
    .data                                    0x2000007c   Section       60  tasks.o(.data)
    pxDelayedTaskList                        0x20000080   Data           4  tasks.o(.data)
    pxOverflowDelayedTaskList                0x20000084   Data           4  tasks.o(.data)
    uxDeletedTasksWaitingCleanUp             0x20000088   Data           4  tasks.o(.data)
    uxCurrentNumberOfTasks                   0x2000008c   Data           4  tasks.o(.data)
    xTickCount                               0x20000090   Data           4  tasks.o(.data)
    uxTopReadyPriority                       0x20000094   Data           4  tasks.o(.data)
    xSchedulerRunning                        0x20000098   Data           4  tasks.o(.data)
    uxPendedTicks                            0x2000009c   Data           4  tasks.o(.data)
    xYieldPending                            0x200000a0   Data           4  tasks.o(.data)
    xNumOfOverflows                          0x200000a4   Data           4  tasks.o(.data)
    uxTaskNumber                             0x200000a8   Data           4  tasks.o(.data)
    xNextTaskUnblockTime                     0x200000ac   Data           4  tasks.o(.data)
    xIdleTaskHandle                          0x200000b0   Data           4  tasks.o(.data)
    uxSchedulerSuspended                     0x200000b4   Data           4  tasks.o(.data)
    .data                                    0x200000b8   Section       24  heap_4.o(.data)
    xStart                                   0x200000b8   Data           8  heap_4.o(.data)
    pxEnd                                    0x200000c0   Data           4  heap_4.o(.data)
    xFreeBytesRemaining                      0x200000c4   Data           4  heap_4.o(.data)
    xMinimumEverFreeBytesRemaining           0x200000c8   Data           4  heap_4.o(.data)
    xBlockAllocatedBit                       0x200000cc   Data           4  heap_4.o(.data)
    .data                                    0x200000d0   Section       12  port.o(.data)
    uxCriticalNesting                        0x200000d0   Data           4  port.o(.data)
    ucMaxSysCallPriority                     0x200000d4   Data           1  port.o(.data)
    ulMaxPRIGROUPValue                       0x200000d8   Data           4  port.o(.data)
    .data                                    0x200000dc   Section       20  stm32f10x_rcc.o(.data)
    APBAHBPrescTable                         0x200000dc   Data          16  stm32f10x_rcc.o(.data)
    ADCPrescTable                            0x200000ec   Data           4  stm32f10x_rcc.o(.data)
    .data                                    0x200000f0   Section        4  stdout.o(.data)
    .bss                                     0x200000f4   Section      490  usart.o(.bss)
    Usartx_TxBuff                            0x20000216   Data         200  usart.o(.bss)
    .bss                                     0x200002e0   Section      740  tasks.o(.bss)
    pxReadyTasksLists                        0x200002e0   Data         640  tasks.o(.bss)
    xDelayedTaskList1                        0x20000560   Data          20  tasks.o(.bss)
    xDelayedTaskList2                        0x20000574   Data          20  tasks.o(.bss)
    xPendingReadyList                        0x20000588   Data          20  tasks.o(.bss)
    xTasksWaitingTermination                 0x2000059c   Data          20  tasks.o(.bss)
    xSuspendedTaskList                       0x200005b0   Data          20  tasks.o(.bss)
    .bss                                     0x200005c4   Section    36864  heap_4.o(.bss)
    ucHeap                                   0x200005c4   Data       36864  heap_4.o(.bss)
    STACK                                    0x200095c8   Section     1024  startup_stm32f10x_hd.o(STACK)

    Global Symbols

    Symbol Name                              Value     Ov Type        Size  Object(Section)

    BuildAttributes$$THM_ISAv4$P$D$K$B$S$PE$A:L22UL41UL21$X:L11$S22US41US21$IEEE1$IW$USESV6$~STKCKD$USESV7$~SHL$OTIME$ROPI$EBA8$MICROLIB$REQ8$PRES8$EABIv2 0x00000000   Number         0  anon$$obj.o ABSOLUTE
    __ARM_use_no_argv                        0x00000000   Number         0  main_rtos.o ABSOLUTE
    _printf_a                                0x00000000   Number         0  stubs.o ABSOLUTE
    _printf_c                                0x00000000   Number         0  stubs.o ABSOLUTE
    _printf_charcount                        0x00000000   Number         0  stubs.o ABSOLUTE
    _printf_d                                0x00000000   Number         0  stubs.o ABSOLUTE
    _printf_e                                0x00000000   Number         0  stubs.o ABSOLUTE
    _printf_f                                0x00000000   Number         0  stubs.o ABSOLUTE
    _printf_flags                            0x00000000   Number         0  stubs.o ABSOLUTE
    _printf_fp_dec                           0x00000000   Number         0  stubs.o ABSOLUTE
    _printf_fp_hex                           0x00000000   Number         0  stubs.o ABSOLUTE
    _printf_g                                0x00000000   Number         0  stubs.o ABSOLUTE
    _printf_i                                0x00000000   Number         0  stubs.o ABSOLUTE
    _printf_int_dec                          0x00000000   Number         0  stubs.o ABSOLUTE
    _printf_l                                0x00000000   Number         0  stubs.o ABSOLUTE
    _printf_lc                               0x00000000   Number         0  stubs.o ABSOLUTE
    _printf_ll                               0x00000000   Number         0  stubs.o ABSOLUTE
    _printf_lld                              0x00000000   Number         0  stubs.o ABSOLUTE
    _printf_lli                              0x00000000   Number         0  stubs.o ABSOLUTE
    _printf_llo                              0x00000000   Number         0  stubs.o ABSOLUTE
    _printf_llu                              0x00000000   Number         0  stubs.o ABSOLUTE
    _printf_llx                              0x00000000   Number         0  stubs.o ABSOLUTE
    _printf_longlong_dec                     0x00000000   Number         0  stubs.o ABSOLUTE
    _printf_longlong_hex                     0x00000000   Number         0  stubs.o ABSOLUTE
    _printf_longlong_oct                     0x00000000   Number         0  stubs.o ABSOLUTE
    _printf_ls                               0x00000000   Number         0  stubs.o ABSOLUTE
    _printf_mbtowc                           0x00000000   Number         0  stubs.o ABSOLUTE
    _printf_n                                0x00000000   Number         0  stubs.o ABSOLUTE
    _printf_o                                0x00000000   Number         0  stubs.o ABSOLUTE
    _printf_p                                0x00000000   Number         0  stubs.o ABSOLUTE
    _printf_percent                          0x00000000   Number         0  stubs.o ABSOLUTE
    _printf_pre_padding                      0x00000000   Number         0  stubs.o ABSOLUTE
    _printf_return_value                     0x00000000   Number         0  stubs.o ABSOLUTE
    _printf_s                                0x00000000   Number         0  stubs.o ABSOLUTE
    _printf_sizespec                         0x00000000   Number         0  stubs.o ABSOLUTE
    _printf_str                              0x00000000   Number         0  stubs.o ABSOLUTE
    _printf_truncate_signed                  0x00000000   Number         0  stubs.o ABSOLUTE
    _printf_truncate_unsigned                0x00000000   Number         0  stubs.o ABSOLUTE
    _printf_u                                0x00000000   Number         0  stubs.o ABSOLUTE
    _printf_wc                               0x00000000   Number         0  stubs.o ABSOLUTE
    _printf_wctomb                           0x00000000   Number         0  stubs.o ABSOLUTE
    _printf_widthprec                        0x00000000   Number         0  stubs.o ABSOLUTE
    _printf_x                                0x00000000   Number         0  stubs.o ABSOLUTE
    __arm_fini_                               - Undefined Weak Reference
    __cpp_initialize__aeabi_                  - Undefined Weak Reference
    __cxa_finalize                            - Undefined Weak Reference
    __decompress                              - Undefined Weak Reference
    _clock_init                               - Undefined Weak Reference
    _microlib_exit                            - Undefined Weak Reference
    __Vectors_Size                           0x00000130   Number         0  startup_stm32f10x_hd.o ABSOLUTE
    __Vectors                                0x08000000   Data           4  startup_stm32f10x_hd.o(RESET)
    __Vectors_End                            0x08000130   Data           0  startup_stm32f10x_hd.o(RESET)
    __main                                   0x08000131   Thumb Code     0  entry.o(.ARM.Collect$$$$00000000)
    _main_stk                                0x08000131   Thumb Code     0  entry2.o(.ARM.Collect$$$$00000001)
    _main_scatterload                        0x08000135   Thumb Code     0  entry5.o(.ARM.Collect$$$$00000004)
    __main_after_scatterload                 0x08000139   Thumb Code     0  entry5.o(.ARM.Collect$$$$00000004)
    _main_clock                              0x08000139   Thumb Code     0  entry7b.o(.ARM.Collect$$$$00000008)
    _main_cpp_init                           0x08000139   Thumb Code     0  entry8b.o(.ARM.Collect$$$$0000000A)
    _main_init                               0x08000139   Thumb Code     0  entry9a.o(.ARM.Collect$$$$0000000B)
    __rt_lib_shutdown_fini                   0x08000141   Thumb Code     0  entry12b.o(.ARM.Collect$$$$0000000E)
    __rt_final_cpp                           0x08000145   Thumb Code     0  entry10a.o(.ARM.Collect$$$$0000000F)
    __rt_final_exit                          0x08000145   Thumb Code     0  entry11a.o(.ARM.Collect$$$$00000011)
    SVC_Handler                              0x08000149   Thumb Code    32  port.o(.emb_text)
    __asm___6_port_c_39a90d8d__prvStartFirstTask 0x0800016d   Thumb Code    28  port.o(.emb_text)
    PendSV_Handler                           0x0800018d   Thumb Code    72  port.o(.emb_text)
    vPortGetIPSR                             0x080001d9   Thumb Code     6  port.o(.emb_text)
    Reset_Handler                            0x080001e1   Thumb Code     8  startup_stm32f10x_hd.o(.text)
    ADC1_2_IRQHandler                        0x080001fb   Thumb Code     0  startup_stm32f10x_hd.o(.text)
    ADC3_IRQHandler                          0x080001fb   Thumb Code     0  startup_stm32f10x_hd.o(.text)
    CAN1_RX1_IRQHandler                      0x080001fb   Thumb Code     0  startup_stm32f10x_hd.o(.text)
    CAN1_SCE_IRQHandler                      0x080001fb   Thumb Code     0  startup_stm32f10x_hd.o(.text)
    DMA1_Channel1_IRQHandler                 0x080001fb   Thumb Code     0  startup_stm32f10x_hd.o(.text)
    DMA1_Channel2_IRQHandler                 0x080001fb   Thumb Code     0  startup_stm32f10x_hd.o(.text)
    DMA1_Channel3_IRQHandler                 0x080001fb   Thumb Code     0  startup_stm32f10x_hd.o(.text)
    DMA1_Channel4_IRQHandler                 0x080001fb   Thumb Code     0  startup_stm32f10x_hd.o(.text)
    DMA1_Channel5_IRQHandler                 0x080001fb   Thumb Code     0  startup_stm32f10x_hd.o(.text)
    DMA1_Channel6_IRQHandler                 0x080001fb   Thumb Code     0  startup_stm32f10x_hd.o(.text)
    DMA1_Channel7_IRQHandler                 0x080001fb   Thumb Code     0  startup_stm32f10x_hd.o(.text)
    DMA2_Channel1_IRQHandler                 0x080001fb   Thumb Code     0  startup_stm32f10x_hd.o(.text)
    DMA2_Channel2_IRQHandler                 0x080001fb   Thumb Code     0  startup_stm32f10x_hd.o(.text)
    DMA2_Channel3_IRQHandler                 0x080001fb   Thumb Code     0  startup_stm32f10x_hd.o(.text)
    DMA2_Channel4_5_IRQHandler               0x080001fb   Thumb Code     0  startup_stm32f10x_hd.o(.text)
    EXTI1_IRQHandler                         0x080001fb   Thumb Code     0  startup_stm32f10x_hd.o(.text)
    EXTI2_IRQHandler                         0x080001fb   Thumb Code     0  startup_stm32f10x_hd.o(.text)
    EXTI3_IRQHandler                         0x080001fb   Thumb Code     0  startup_stm32f10x_hd.o(.text)
    EXTI4_IRQHandler                         0x080001fb   Thumb Code     0  startup_stm32f10x_hd.o(.text)
    EXTI9_5_IRQHandler                       0x080001fb   Thumb Code     0  startup_stm32f10x_hd.o(.text)
    FLASH_IRQHandler                         0x080001fb   Thumb Code     0  startup_stm32f10x_hd.o(.text)
    FSMC_IRQHandler                          0x080001fb   Thumb Code     0  startup_stm32f10x_hd.o(.text)
    I2C1_ER_IRQHandler                       0x080001fb   Thumb Code     0  startup_stm32f10x_hd.o(.text)
    I2C1_EV_IRQHandler                       0x080001fb   Thumb Code     0  startup_stm32f10x_hd.o(.text)
    I2C2_ER_IRQHandler                       0x080001fb   Thumb Code     0  startup_stm32f10x_hd.o(.text)
    I2C2_EV_IRQHandler                       0x080001fb   Thumb Code     0  startup_stm32f10x_hd.o(.text)
    PVD_IRQHandler                           0x080001fb   Thumb Code     0  startup_stm32f10x_hd.o(.text)
    RCC_IRQHandler                           0x080001fb   Thumb Code     0  startup_stm32f10x_hd.o(.text)
    RTCAlarm_IRQHandler                      0x080001fb   Thumb Code     0  startup_stm32f10x_hd.o(.text)
    RTC_IRQHandler                           0x080001fb   Thumb Code     0  startup_stm32f10x_hd.o(.text)
    SDIO_IRQHandler                          0x080001fb   Thumb Code     0  startup_stm32f10x_hd.o(.text)
    SPI1_IRQHandler                          0x080001fb   Thumb Code     0  startup_stm32f10x_hd.o(.text)
    SPI2_IRQHandler                          0x080001fb   Thumb Code     0  startup_stm32f10x_hd.o(.text)
    SPI3_IRQHandler                          0x080001fb   Thumb Code     0  startup_stm32f10x_hd.o(.text)
    TAMPER_IRQHandler                        0x080001fb   Thumb Code     0  startup_stm32f10x_hd.o(.text)
    TIM1_BRK_IRQHandler                      0x080001fb   Thumb Code     0  startup_stm32f10x_hd.o(.text)
    TIM1_CC_IRQHandler                       0x080001fb   Thumb Code     0  startup_stm32f10x_hd.o(.text)
    TIM1_TRG_COM_IRQHandler                  0x080001fb   Thumb Code     0  startup_stm32f10x_hd.o(.text)
    TIM1_UP_IRQHandler                       0x080001fb   Thumb Code     0  startup_stm32f10x_hd.o(.text)
    TIM2_IRQHandler                          0x080001fb   Thumb Code     0  startup_stm32f10x_hd.o(.text)
    TIM3_IRQHandler                          0x080001fb   Thumb Code     0  startup_stm32f10x_hd.o(.text)
    TIM4_IRQHandler                          0x080001fb   Thumb Code     0  startup_stm32f10x_hd.o(.text)
    TIM5_IRQHandler                          0x080001fb   Thumb Code     0  startup_stm32f10x_hd.o(.text)
    TIM7_IRQHandler                          0x080001fb   Thumb Code     0  startup_stm32f10x_hd.o(.text)
    TIM8_BRK_IRQHandler                      0x080001fb   Thumb Code     0  startup_stm32f10x_hd.o(.text)
    TIM8_CC_IRQHandler                       0x080001fb   Thumb Code     0  startup_stm32f10x_hd.o(.text)
    TIM8_TRG_COM_IRQHandler                  0x080001fb   Thumb Code     0  startup_stm32f10x_hd.o(.text)
    TIM8_UP_IRQHandler                       0x080001fb   Thumb Code     0  startup_stm32f10x_hd.o(.text)
    UART4_IRQHandler                         0x080001fb   Thumb Code     0  startup_stm32f10x_hd.o(.text)
    UART5_IRQHandler                         0x080001fb   Thumb Code     0  startup_stm32f10x_hd.o(.text)
    USART3_IRQHandler                        0x080001fb   Thumb Code     0  startup_stm32f10x_hd.o(.text)
    USBWakeUp_IRQHandler                     0x080001fb   Thumb Code     0  startup_stm32f10x_hd.o(.text)
    USB_HP_CAN1_TX_IRQHandler                0x080001fb   Thumb Code     0  startup_stm32f10x_hd.o(.text)
    USB_LP_CAN1_RX0_IRQHandler               0x080001fb   Thumb Code     0  startup_stm32f10x_hd.o(.text)
    WWDG_IRQHandler                          0x080001fb   Thumb Code     0  startup_stm32f10x_hd.o(.text)
    __aeabi_memset                           0x08000205   Thumb Code    14  memseta.o(.text)
    __aeabi_memset4                          0x08000205   Thumb Code     0  memseta.o(.text)
    __aeabi_memset8                          0x08000205   Thumb Code     0  memseta.o(.text)
    __aeabi_memclr                           0x08000213   Thumb Code     4  memseta.o(.text)
    __aeabi_memclr4                          0x08000213   Thumb Code     0  memseta.o(.text)
    __aeabi_memclr8                          0x08000213   Thumb Code     0  memseta.o(.text)
    _memset$wrapper                          0x08000217   Thumb Code    18  memseta.o(.text)
    strlen                                   0x08000229   Thumb Code    14  strlen.o(.text)
    strcmp                                   0x08000237   Thumb Code    28  strcmp.o(.text)
    __aeabi_dadd                             0x08000253   Thumb Code   322  dadd.o(.text)
    __aeabi_dsub                             0x08000395   Thumb Code     6  dadd.o(.text)
    __aeabi_drsub                            0x0800039b   Thumb Code     6  dadd.o(.text)
    __aeabi_dmul                             0x080003a1   Thumb Code   228  dmul.o(.text)
    __aeabi_ddiv                             0x08000485   Thumb Code   222  ddiv.o(.text)
    __aeabi_ui2d                             0x08000563   Thumb Code    26  dfltui.o(.text)
    __aeabi_f2d                              0x0800057d   Thumb Code    38  f2d.o(.text)
    __aeabi_d2f                              0x080005a3   Thumb Code    56  d2f.o(.text)
    __aeabi_uidiv                            0x080005db   Thumb Code     0  uidiv.o(.text)
    __aeabi_uidivmod                         0x080005db   Thumb Code    44  uidiv.o(.text)
    __aeabi_uldivmod                         0x08000607   Thumb Code    98  uldiv.o(.text)
    __aeabi_llsl                             0x08000669   Thumb Code    30  llshl.o(.text)
    _ll_shift_l                              0x08000669   Thumb Code     0  llshl.o(.text)
    __aeabi_lasr                             0x08000687   Thumb Code    36  llsshr.o(.text)
    _ll_sshift_r                             0x08000687   Thumb Code     0  llsshr.o(.text)
    __I$use$fp                               0x080006ab   Thumb Code     0  iusefp.o(.text)
    _float_round                             0x080006ab   Thumb Code    18  fepilogue.o(.text)
    _float_epilogue                          0x080006bd   Thumb Code    92  fepilogue.o(.text)
    _double_round                            0x08000719   Thumb Code    30  depilogue.o(.text)
    _double_epilogue                         0x08000737   Thumb Code   156  depilogue.o(.text)
    __aeabi_d2ulz                            0x080007d3   Thumb Code    48  dfixul.o(.text)
    __aeabi_cdrcmple                         0x08000805   Thumb Code    48  cdrcmple.o(.text)
    __scatterload                            0x08000835   Thumb Code    28  init.o(.text)
    __scatterload_rt2                        0x08000835   Thumb Code     0  init.o(.text)
    __aeabi_llsr                             0x08000859   Thumb Code    32  llushr.o(.text)
    _ll_ushift_r                             0x08000859   Thumb Code     0  llushr.o(.text)
    BusFault_Handler                         0x08000a4d   Thumb Code     4  stm32f10x_it.o(i.BusFault_Handler)
    DHT11_Get_Humiture                       0x08000a7d   Thumb Code   160  dht11.o(i.DHT11_Get_Humiture)
    DHT11_Init                               0x08000b25   Thumb Code    16  dht11.o(i.DHT11_Init)
    DHT11_Read_TempAndHumidity               0x08000bd9   Thumb Code   154  dht11.o(i.DHT11_Read_TempAndHumidity)
    DebugMon_Handler                         0x08000d05   Thumb Code     2  stm32f10x_it.o(i.DebugMon_Handler)
    Delay_SW_Ms                              0x08000d07   Thumb Code    32  delay.o(i.Delay_SW_Ms)
    Delay_SW_Us                              0x08000d27   Thumb Code    30  delay.o(i.Delay_SW_Us)
    EXTI0_IRQHandler                         0x08000d8d   Thumb Code    24  exti.o(i.EXTI0_IRQHandler)
    EXTI15_10_IRQHandler                     0x08000da5   Thumb Code    28  exti.o(i.EXTI15_10_IRQHandler)
    EXTI_ClearITPendingBit                   0x08000dc1   Thumb Code     6  stm32f10x_exti.o(i.EXTI_ClearITPendingBit)
    EXTI_GetITStatus                         0x08000dcd   Thumb Code    34  stm32f10x_exti.o(i.EXTI_GetITStatus)
    Esp_PUB                                  0x08000df5   Thumb Code   112  esp.o(i.Esp_PUB)
    Esp_SUB                                  0x08000e95   Thumb Code    56  esp.o(i.Esp_SUB)
    GPIO_Init                                0x08000ef5   Thumb Code   278  stm32f10x_gpio.o(i.GPIO_Init)
    GPIO_ReadInputDataBit                    0x0800100b   Thumb Code    18  stm32f10x_gpio.o(i.GPIO_ReadInputDataBit)
    GPIO_ResetBits                           0x0800101d   Thumb Code     4  stm32f10x_gpio.o(i.GPIO_ResetBits)
    GPIO_SetBits                             0x08001021   Thumb Code     4  stm32f10x_gpio.o(i.GPIO_SetBits)
    Get_KEY_Status                           0x08001025   Thumb Code    42  key.o(i.Get_KEY_Status)
    HardFault_Handler                        0x0800104f   Thumb Code     4  stm32f10x_it.o(i.HardFault_Handler)
    Key_Init                                 0x080010a9   Thumb Code    72  key.o(i.Key_Init)
    Led_B_Off                                0x08001119   Thumb Code    28  led.o(i.Led_B_Off)
    Led_B_On                                 0x08001139   Thumb Code    28  led.o(i.Led_B_On)
    Led_G_On                                 0x08001159   Thumb Code    28  led.o(i.Led_G_On)
    Led_Init                                 0x08001179   Thumb Code   114  led.o(i.Led_Init)
    Led_R_On                                 0x080011f1   Thumb Code    28  led.o(i.Led_R_On)
    MemManage_Handler                        0x08001211   Thumb Code     4  stm32f10x_it.o(i.MemManage_Handler)
    NMI_Handler                              0x08001215   Thumb Code     2  stm32f10x_it.o(i.NMI_Handler)
    NVIC_Init                                0x08001219   Thumb Code   100  misc.o(i.NVIC_Init)
    NVIC_PriorityGroupConfig                 0x08001289   Thumb Code    10  misc.o(i.NVIC_PriorityGroupConfig)
    RCC_APB1PeriphClockCmd                   0x080012fd   Thumb Code    26  stm32f10x_rcc.o(i.RCC_APB1PeriphClockCmd)
    RCC_APB2PeriphClockCmd                   0x0800131d   Thumb Code    26  stm32f10x_rcc.o(i.RCC_APB2PeriphClockCmd)
    RCC_GetClocksFreq                        0x0800133d   Thumb Code   192  stm32f10x_rcc.o(i.RCC_GetClocksFreq)
    SysTick_Handler                          0x080014f9   Thumb Code     8  stm32f10x_it.o(i.SysTick_Handler)
    SystemInit                               0x08001501   Thumb Code    78  system_stm32f10x.o(i.SystemInit)
    TIM6_IRQHandler                          0x08001561   Thumb Code    38  stm32f10x_it.o(i.TIM6_IRQHandler)
    TIM_ClearITPendingBit                    0x08001591   Thumb Code     6  stm32f10x_tim.o(i.TIM_ClearITPendingBit)
    TIM_GetITStatus                          0x08001597   Thumb Code    34  stm32f10x_tim.o(i.TIM_GetITStatus)
    USART1_IRQHandler                        0x080015b9   Thumb Code    44  usart.o(i.USART1_IRQHandler)
    USART2_IRQHandler                        0x080015e9   Thumb Code   102  usart.o(i.USART2_IRQHandler)
    USART_ClearFlag                          0x0800165d   Thumb Code    18  stm32f10x_usart.o(i.USART_ClearFlag)
    USART_Cmd                                0x0800166f   Thumb Code    24  stm32f10x_usart.o(i.USART_Cmd)
    USART_GetFlagStatus                      0x08001687   Thumb Code    26  stm32f10x_usart.o(i.USART_GetFlagStatus)
    USART_GetITStatus                        0x080016a1   Thumb Code    84  stm32f10x_usart.o(i.USART_GetITStatus)
    USART_ITConfig                           0x080016f5   Thumb Code    74  stm32f10x_usart.o(i.USART_ITConfig)
    USART_Init                               0x08001741   Thumb Code   210  stm32f10x_usart.o(i.USART_Init)
    USART_ReceiveData                        0x08001819   Thumb Code    10  stm32f10x_usart.o(i.USART_ReceiveData)
    USART_SendData                           0x08001823   Thumb Code     8  stm32f10x_usart.o(i.USART_SendData)
    UsageFault_Handler                       0x0800182b   Thumb Code     4  stm32f10x_it.o(i.UsageFault_Handler)
    Usart1_Init                              0x08001831   Thumb Code   138  usart.o(i.Usart1_Init)
    Usart2_Init                              0x080018c5   Thumb Code   134  usart.o(i.Usart2_Init)
    Usart3_Init                              0x08001955   Thumb Code   138  usart.o(i.Usart3_Init)
    Usart_Init                               0x080019e9   Thumb Code    16  usart.o(i.Usart_Init)
    Usart_Printf                             0x080019f9   Thumb Code    78  usart.o(i.Usart_Printf)
    __0printf                                0x08001a4d   Thumb Code    22  printfa.o(i.__0printf)
    __1printf                                0x08001a4d   Thumb Code     0  printfa.o(i.__0printf)
    __2printf                                0x08001a4d   Thumb Code     0  printfa.o(i.__0printf)
    __c89printf                              0x08001a4d   Thumb Code     0  printfa.o(i.__0printf)
    printf                                   0x08001a4d   Thumb Code     0  printfa.o(i.__0printf)
    __0vsprintf                              0x08001a6d   Thumb Code    30  printfa.o(i.__0vsprintf)
    __1vsprintf                              0x08001a6d   Thumb Code     0  printfa.o(i.__0vsprintf)
    __2vsprintf                              0x08001a6d   Thumb Code     0  printfa.o(i.__0vsprintf)
    __c89vsprintf                            0x08001a6d   Thumb Code     0  printfa.o(i.__0vsprintf)
    vsprintf                                 0x08001a6d   Thumb Code     0  printfa.o(i.__0vsprintf)
    __scatterload_copy                       0x08001a91   Thumb Code    14  handlers.o(i.__scatterload_copy)
    __scatterload_null                       0x08001a9f   Thumb Code     2  handlers.o(i.__scatterload_null)
    __scatterload_zeroinit                   0x08001aa1   Thumb Code    14  handlers.o(i.__scatterload_zeroinit)
    esp_Init                                 0x08002345   Thumb Code   276  esp.o(i.esp_Init)
    fputc                                    0x0800251d   Thumb Code    32  usart.o(i.fputc)
    main                                     0x08002541   Thumb Code    76  main_rtos.o(i.main)
    pvPortMalloc                             0x08002a75   Thumb Code   262  heap_4.o(i.pvPortMalloc)
    pxPortInitialiseStack                    0x08002bc9   Thumb Code    30  port.o(i.pxPortInitialiseStack)
    uxListRemove                             0x08002bed   Thumb Code    40  list.o(i.uxListRemove)
    vListInitialise                          0x08002c15   Thumb Code    26  list.o(i.vListInitialise)
    vListInitialiseItem                      0x08002c2f   Thumb Code     6  list.o(i.vListInitialiseItem)
    vListInsert                              0x08002c35   Thumb Code    52  list.o(i.vListInsert)
    vListInsertEnd                           0x08002c69   Thumb Code    24  list.o(i.vListInsertEnd)
    vPortEnterCritical                       0x08002c81   Thumb Code    68  port.o(i.vPortEnterCritical)
    vPortExitCritical                        0x08002d05   Thumb Code    48  port.o(i.vPortExitCritical)
    vPortFree                                0x08002d71   Thumb Code   120  heap_4.o(i.vPortFree)
    vPortSetupTimerInterrupt                 0x08002e29   Thumb Code    24  port.o(i.vPortSetupTimerInterrupt)
    vTaskDelay                               0x08002e45   Thumb Code    72  tasks.o(i.vTaskDelay)
    vTaskDelete                              0x08002ec1   Thumb Code   192  tasks.o(i.vTaskDelete)
    vTaskStartScheduler                      0x08002fd5   Thumb Code    98  tasks.o(i.vTaskStartScheduler)
    vTaskSuspendAll                          0x08003081   Thumb Code    12  tasks.o(i.vTaskSuspendAll)
    vTaskSwitchContext                       0x08003091   Thumb Code   110  tasks.o(i.vTaskSwitchContext)
    xPortStartScheduler                      0x08003141   Thumb Code   140  port.o(i.xPortStartScheduler)
    xPortSysTickHandler                      0x080031e1   Thumb Code    46  port.o(i.xPortSysTickHandler)
    xTaskCreate                              0x08003215   Thumb Code    96  tasks.o(i.xTaskCreate)
    xTaskIncrementTick                       0x08003275   Thumb Code   272  tasks.o(i.xTaskIncrementTick)
    xTaskResumeAll                           0x080033dd   Thumb Code   214  tasks.o(i.xTaskResumeAll)
    Region$$Table$$Base                      0x08003740   Number         0  anon$$obj.o(Region$$Table)
    Region$$Table$$Limit                     0x08003760   Number         0  anon$$obj.o(Region$$Table)
    SystemCoreClock                          0x20000000   Data           4  system_stm32f10x.o(.data)
    AHBPrescTable                            0x20000004   Data          16  system_stm32f10x.o(.data)
    KEY_Queue_Handle                         0x2000002c   Data           4  main_rtos.o(.data)
    temp                                     0x20000030   Data           4  main_rtos.o(.data)
    humi                                     0x20000034   Data           4  main_rtos.o(.data)
    switch_led                               0x20000038   Data           1  main_rtos.o(.data)
    switch_beep                              0x20000039   Data           1  main_rtos.o(.data)
    cnt                                      0x2000003c   Data           4  main_rtos.o(.data)
    i                                        0x20000040   Data           1  usart.o(.data)
    usart1_BufIndex                          0x20000041   Data           1  usart.o(.data)
    usart1_RxC                               0x20000042   Data           1  usart.o(.data)
    usart2_BufIndex                          0x20000043   Data           1  usart.o(.data)
    usart2_RxC                               0x20000044   Data           1  usart.o(.data)
    str_temp                                 0x20000048   Data           4  esp.o(.data)
    str_humi                                 0x2000004c   Data           4  esp.o(.data)
    str_led                                  0x20000050   Data           4  esp.o(.data)
    str_beep                                 0x20000054   Data           4  esp.o(.data)
    WIFI                                     0x20000058   Data           4  esp.o(.data)
    WIFIASSWORD                              0x2000005c   Data           4  esp.o(.data)
    ClintID                                  0x20000060   Data           4  esp.o(.data)
    username                                 0x20000064   Data           4  esp.o(.data)
    passwd                                   0x20000068   Data           4  esp.o(.data)
    Url                                      0x2000006c   Data           4  esp.o(.data)
    pubtopic                                 0x20000070   Data           4  esp.o(.data)
    subtopic                                 0x20000074   Data           4  esp.o(.data)
    time_count                               0x20000078   Data           4  delay.o(.data)
    pxCurrentTCB                             0x2000007c   Data           4  tasks.o(.data)
    __stdout                                 0x200000f0   Data           4  stdout.o(.data)
    RECS                                     0x200000f4   Data         250  usart.o(.bss)
    usart1_RecvBuf                           0x200001ee   Data          10  usart.o(.bss)
    usart1_SendBuf                           0x200001f8   Data          10  usart.o(.bss)
    usart2_RecvBuf                           0x20000202   Data          10  usart.o(.bss)
    usart2_SendBuf                           0x2000020c   Data          10  usart.o(.bss)
    __initial_sp                             0x200099c8   Data           0  startup_stm32f10x_hd.o(STACK)



==============================================================================

Memory Map of the image

  Image Entry point : 0x08000131

  Load Region LR_IROM1 (Base: 0x08000000, Size: 0x00003854, Max: 0x00080000, ABSOLUTE)

    Execution Region ER_IROM1 (Exec base: 0x08000000, Load base: 0x08000000, Size: 0x00003760, Max: 0x00080000, ABSOLUTE)

    Exec Addr    Load Addr    Size         Type   Attr      Idx    E Section Name        Object

    0x08000000   0x08000000   0x00000130   Data   RO         4357    RESET               startup_stm32f10x_hd.o
    0x08000130   0x08000130   0x00000000   Code   RO         4362  * .ARM.Collect$$$$00000000  mc_w.l(entry.o)
    0x08000130   0x08000130   0x00000004   Code   RO         4650    .ARM.Collect$$$$00000001  mc_w.l(entry2.o)
    0x08000134   0x08000134   0x00000004   Code   RO         4653    .ARM.Collect$$$$00000004  mc_w.l(entry5.o)
    0x08000138   0x08000138   0x00000000   Code   RO         4655    .ARM.Collect$$$$00000008  mc_w.l(entry7b.o)
    0x08000138   0x08000138   0x00000000   Code   RO         4657    .ARM.Collect$$$$0000000A  mc_w.l(entry8b.o)
    0x08000138   0x08000138   0x00000008   Code   RO         4658    .ARM.Collect$$$$0000000B  mc_w.l(entry9a.o)
    0x08000140   0x08000140   0x00000004   Code   RO         4665    .ARM.Collect$$$$0000000E  mc_w.l(entry12b.o)
    0x08000144   0x08000144   0x00000000   Code   RO         4660    .ARM.Collect$$$$0000000F  mc_w.l(entry10a.o)
    0x08000144   0x08000144   0x00000000   Code   RO         4662    .ARM.Collect$$$$00000011  mc_w.l(entry11a.o)
    0x08000144   0x08000144   0x00000004   Code   RO         4651    .ARM.Collect$$$$00002712  mc_w.l(entry2.o)
    0x08000148   0x08000148   0x00000096   Code   RO         1259    .emb_text           port.o
    0x080001de   0x080001de   0x00000002   PAD
    0x080001e0   0x080001e0   0x00000024   Code   RO         4358    .text               startup_stm32f10x_hd.o
    0x08000204   0x08000204   0x00000024   Code   RO         4367    .text               mc_w.l(memseta.o)
    0x08000228   0x08000228   0x0000000e   Code   RO         4369    .text               mc_w.l(strlen.o)
    0x08000236   0x08000236   0x0000001c   Code   RO         4371    .text               mc_w.l(strcmp.o)
    0x08000252   0x08000252   0x0000014e   Code   RO         4638    .text               mf_w.l(dadd.o)
    0x080003a0   0x080003a0   0x000000e4   Code   RO         4640    .text               mf_w.l(dmul.o)
    0x08000484   0x08000484   0x000000de   Code   RO         4642    .text               mf_w.l(ddiv.o)
    0x08000562   0x08000562   0x0000001a   Code   RO         4644    .text               mf_w.l(dfltui.o)
    0x0800057c   0x0800057c   0x00000026   Code   RO         4646    .text               mf_w.l(f2d.o)
    0x080005a2   0x080005a2   0x00000038   Code   RO         4648    .text               mf_w.l(d2f.o)
    0x080005da   0x080005da   0x0000002c   Code   RO         4667    .text               mc_w.l(uidiv.o)
    0x08000606   0x08000606   0x00000062   Code   RO         4669    .text               mc_w.l(uldiv.o)
    0x08000668   0x08000668   0x0000001e   Code   RO         4671    .text               mc_w.l(llshl.o)
    0x08000686   0x08000686   0x00000024   Code   RO         4673    .text               mc_w.l(llsshr.o)
    0x080006aa   0x080006aa   0x00000000   Code   RO         4675    .text               mc_w.l(iusefp.o)
    0x080006aa   0x080006aa   0x0000006e   Code   RO         4676    .text               mf_w.l(fepilogue.o)
    0x08000718   0x08000718   0x000000ba   Code   RO         4678    .text               mf_w.l(depilogue.o)
    0x080007d2   0x080007d2   0x00000030   Code   RO         4680    .text               mf_w.l(dfixul.o)
    0x08000802   0x08000802   0x00000002   PAD
    0x08000804   0x08000804   0x00000030   Code   RO         4682    .text               mf_w.l(cdrcmple.o)
    0x08000834   0x08000834   0x00000024   Code   RO         4684    .text               mc_w.l(init.o)
    0x08000858   0x08000858   0x00000020   Code   RO         4686    .text               mc_w.l(llushr.o)
    0x08000878   0x08000878   0x00000150   Code   RO          161    i.AppTaskCreate     main_rtos.o
    0x080009c8   0x080009c8   0x00000084   Code   RO          163    i.BSP_Init          main_rtos.o
    0x08000a4c   0x08000a4c   0x00000004   Code   RO            1    i.BusFault_Handler  stm32f10x_it.o
    0x08000a50   0x08000a50   0x0000002c   Code   RO          524    i.DHT11_GPIO_Config  dht11.o
    0x08000a7c   0x08000a7c   0x000000a8   Code   RO          525    i.DHT11_Get_Humiture  dht11.o
    0x08000b24   0x08000b24   0x00000014   Code   RO          526    i.DHT11_Init        dht11.o
    0x08000b38   0x08000b38   0x0000001c   Code   RO          527    i.DHT11_Mode_IPU    dht11.o
    0x08000b54   0x08000b54   0x00000024   Code   RO          528    i.DHT11_Mode_Out_PP  dht11.o
    0x08000b78   0x08000b78   0x00000060   Code   RO          529    i.DHT11_ReadByte    dht11.o
    0x08000bd8   0x08000bd8   0x000000a0   Code   RO          530    i.DHT11_Read_TempAndHumidity  dht11.o
    0x08000c78   0x08000c78   0x0000008c   Code   RO          164    i.DHT11_Task        main_rtos.o
    0x08000d04   0x08000d04   0x00000002   Code   RO            2    i.DebugMon_Handler  stm32f10x_it.o
    0x08000d06   0x08000d06   0x00000020   Code   RO          593    i.Delay_SW_Ms       delay.o
    0x08000d26   0x08000d26   0x0000001e   Code   RO          594    i.Delay_SW_Us       delay.o
    0x08000d44   0x08000d44   0x00000048   Code   RO          165    i.ESP_Task          main_rtos.o
    0x08000d8c   0x08000d8c   0x00000018   Code   RO          368    i.EXTI0_IRQHandler  exti.o
    0x08000da4   0x08000da4   0x0000001c   Code   RO          369    i.EXTI15_10_IRQHandler  exti.o
    0x08000dc0   0x08000dc0   0x0000000c   Code   RO         2159    i.EXTI_ClearITPendingBit  stm32f10x_exti.o
    0x08000dcc   0x08000dcc   0x00000028   Code   RO         2163    i.EXTI_GetITStatus  stm32f10x_exti.o
    0x08000df4   0x08000df4   0x000000a0   Code   RO          490    i.Esp_PUB           esp.o
    0x08000e94   0x08000e94   0x00000060   Code   RO          491    i.Esp_SUB           esp.o
    0x08000ef4   0x08000ef4   0x00000116   Code   RO         2518    i.GPIO_Init         stm32f10x_gpio.o
    0x0800100a   0x0800100a   0x00000012   Code   RO         2522    i.GPIO_ReadInputDataBit  stm32f10x_gpio.o
    0x0800101c   0x0800101c   0x00000004   Code   RO         2525    i.GPIO_ResetBits    stm32f10x_gpio.o
    0x08001020   0x08001020   0x00000004   Code   RO         2526    i.GPIO_SetBits      stm32f10x_gpio.o
    0x08001024   0x08001024   0x0000002a   Code   RO          322    i.Get_KEY_Status    key.o
    0x0800104e   0x0800104e   0x00000004   Code   RO            3    i.HardFault_Handler  stm32f10x_it.o
    0x08001052   0x08001052   0x00000002   PAD
    0x08001054   0x08001054   0x00000054   Code   RO          166    i.KEY_Task          main_rtos.o
    0x080010a8   0x080010a8   0x00000050   Code   RO          323    i.Key_Init          key.o
    0x080010f8   0x080010f8   0x00000020   Code   RO          167    i.LED_Task          main_rtos.o
    0x08001118   0x08001118   0x00000020   Code   RO          274    i.Led_B_Off         led.o
    0x08001138   0x08001138   0x00000020   Code   RO          275    i.Led_B_On          led.o
    0x08001158   0x08001158   0x00000020   Code   RO          277    i.Led_G_On          led.o
    0x08001178   0x08001178   0x00000078   Code   RO          278    i.Led_Init          led.o
    0x080011f0   0x080011f0   0x00000020   Code   RO          280    i.Led_R_On          led.o
    0x08001210   0x08001210   0x00000004   Code   RO            4    i.MemManage_Handler  stm32f10x_it.o
    0x08001214   0x08001214   0x00000002   Code   RO            5    i.NMI_Handler       stm32f10x_it.o
    0x08001216   0x08001216   0x00000002   PAD
    0x08001218   0x08001218   0x00000070   Code   RO         1337    i.NVIC_Init         misc.o
    0x08001288   0x08001288   0x00000014   Code   RO         1338    i.NVIC_PriorityGroupConfig  misc.o
    0x0800129c   0x0800129c   0x00000020   Code   RO          403    i.NVIC_Usart1_Init  usart.o
    0x080012bc   0x080012bc   0x00000020   Code   RO          404    i.NVIC_Usart2_Init  usart.o
    0x080012dc   0x080012dc   0x00000020   Code   RO          405    i.NVIC_Usart3_Init  usart.o
    0x080012fc   0x080012fc   0x00000020   Code   RO         2943    i.RCC_APB1PeriphClockCmd  stm32f10x_rcc.o
    0x0800131c   0x0800131c   0x00000020   Code   RO         2945    i.RCC_APB2PeriphClockCmd  stm32f10x_rcc.o
    0x0800133c   0x0800133c   0x000000d4   Code   RO         2953    i.RCC_GetClocksFreq  stm32f10x_rcc.o
    0x08001410   0x08001410   0x00000008   Code   RO          102    i.SetSysClock       system_stm32f10x.o
    0x08001418   0x08001418   0x000000e0   Code   RO          103    i.SetSysClockTo72   system_stm32f10x.o
    0x080014f8   0x080014f8   0x00000008   Code   RO            6    i.SysTick_Handler   stm32f10x_it.o
    0x08001500   0x08001500   0x00000060   Code   RO          105    i.SystemInit        system_stm32f10x.o
    0x08001560   0x08001560   0x00000030   Code   RO            7    i.TIM6_IRQHandler   stm32f10x_it.o
    0x08001590   0x08001590   0x00000006   Code   RO         3581    i.TIM_ClearITPendingBit  stm32f10x_tim.o
    0x08001596   0x08001596   0x00000022   Code   RO         3607    i.TIM_GetITStatus   stm32f10x_tim.o
    0x080015b8   0x080015b8   0x00000030   Code   RO          406    i.USART1_IRQHandler  usart.o
    0x080015e8   0x080015e8   0x00000074   Code   RO          407    i.USART2_IRQHandler  usart.o
    0x0800165c   0x0800165c   0x00000012   Code   RO         4118    i.USART_ClearFlag   stm32f10x_usart.o
    0x0800166e   0x0800166e   0x00000018   Code   RO         4122    i.USART_Cmd         stm32f10x_usart.o
    0x08001686   0x08001686   0x0000001a   Code   RO         4125    i.USART_GetFlagStatus  stm32f10x_usart.o
    0x080016a0   0x080016a0   0x00000054   Code   RO         4126    i.USART_GetITStatus  stm32f10x_usart.o
    0x080016f4   0x080016f4   0x0000004a   Code   RO         4128    i.USART_ITConfig    stm32f10x_usart.o
    0x0800173e   0x0800173e   0x00000002   PAD
    0x08001740   0x08001740   0x000000d8   Code   RO         4129    i.USART_Init        stm32f10x_usart.o
    0x08001818   0x08001818   0x0000000a   Code   RO         4136    i.USART_ReceiveData  stm32f10x_usart.o
    0x08001822   0x08001822   0x00000008   Code   RO         4139    i.USART_SendData    stm32f10x_usart.o
    0x0800182a   0x0800182a   0x00000004   Code   RO            8    i.UsageFault_Handler  stm32f10x_it.o
    0x0800182e   0x0800182e   0x00000002   PAD
    0x08001830   0x08001830   0x00000094   Code   RO          408    i.Usart1_Init       usart.o
    0x080018c4   0x080018c4   0x00000090   Code   RO          409    i.Usart2_Init       usart.o
    0x08001954   0x08001954   0x00000094   Code   RO          410    i.Usart3_Init       usart.o
    0x080019e8   0x080019e8   0x00000010   Code   RO          411    i.Usart_Init        usart.o
    0x080019f8   0x080019f8   0x00000054   Code   RO          412    i.Usart_Printf      usart.o
    0x08001a4c   0x08001a4c   0x00000020   Code   RO         4610    i.__0printf         mc_w.l(printfa.o)
    0x08001a6c   0x08001a6c   0x00000024   Code   RO         4616    i.__0vsprintf       mc_w.l(printfa.o)
    0x08001a90   0x08001a90   0x0000000e   Code   RO         4690    i.__scatterload_copy  mc_w.l(handlers.o)
    0x08001a9e   0x08001a9e   0x00000002   Code   RO         4691    i.__scatterload_null  mc_w.l(handlers.o)
    0x08001aa0   0x08001aa0   0x0000000e   Code   RO         4692    i.__scatterload_zeroinit  mc_w.l(handlers.o)
    0x08001aae   0x08001aae   0x00000002   PAD
    0x08001ab0   0x08001ab0   0x00000184   Code   RO         4617    i._fp_digits        mc_w.l(printfa.o)
    0x08001c34   0x08001c34   0x000006b4   Code   RO         4618    i._printf_core      mc_w.l(printfa.o)
    0x080022e8   0x080022e8   0x00000024   Code   RO         4619    i._printf_post_padding  mc_w.l(printfa.o)
    0x0800230c   0x0800230c   0x0000002e   Code   RO         4620    i._printf_pre_padding  mc_w.l(printfa.o)
    0x0800233a   0x0800233a   0x0000000a   Code   RO         4622    i._sputc            mc_w.l(printfa.o)
    0x08002344   0x08002344   0x000001d8   Code   RO          492    i.esp_Init          esp.o
    0x0800251c   0x0800251c   0x00000024   Code   RO          413    i.fputc             usart.o
    0x08002540   0x08002540   0x00000094   Code   RO          168    i.main              main_rtos.o
    0x080025d4   0x080025d4   0x00000098   Code   RO          920    i.prvAddCurrentTaskToDelayedList  tasks.o
    0x0800266c   0x0800266c   0x000000b4   Code   RO          921    i.prvAddNewTaskToReadyList  tasks.o
    0x08002720   0x08002720   0x00000064   Code   RO          922    i.prvCheckTasksWaitingTermination  tasks.o
    0x08002784   0x08002784   0x00000012   Code   RO          923    i.prvDeleteTCB      tasks.o
    0x08002796   0x08002796   0x00000002   PAD
    0x08002798   0x08002798   0x0000007c   Code   RO         1210    i.prvHeapInit       heap_4.o
    0x08002814   0x08002814   0x00000028   Code   RO          924    i.prvIdleTask       tasks.o
    0x0800283c   0x0800283c   0x000000c8   Code   RO          925    i.prvInitialiseNewTask  tasks.o
    0x08002904   0x08002904   0x00000068   Code   RO          926    i.prvInitialiseTaskLists  tasks.o
    0x0800296c   0x0800296c   0x00000068   Code   RO         1211    i.prvInsertBlockIntoFreeList  heap_4.o
    0x080029d4   0x080029d4   0x00000034   Code   RO          927    i.prvResetNextTaskUnblockTime  tasks.o
    0x08002a08   0x08002a08   0x0000006c   Code   RO         1260    i.prvTaskExitError  port.o
    0x08002a74   0x08002a74   0x00000154   Code   RO         1212    i.pvPortMalloc      heap_4.o
    0x08002bc8   0x08002bc8   0x00000024   Code   RO         1261    i.pxPortInitialiseStack  port.o
    0x08002bec   0x08002bec   0x00000028   Code   RO          738    i.uxListRemove      list.o
    0x08002c14   0x08002c14   0x0000001a   Code   RO          739    i.vListInitialise   list.o
    0x08002c2e   0x08002c2e   0x00000006   Code   RO          740    i.vListInitialiseItem  list.o
    0x08002c34   0x08002c34   0x00000034   Code   RO          741    i.vListInsert       list.o
    0x08002c68   0x08002c68   0x00000018   Code   RO          742    i.vListInsertEnd    list.o
    0x08002c80   0x08002c80   0x00000084   Code   RO         1263    i.vPortEnterCritical  port.o
    0x08002d04   0x08002d04   0x0000006c   Code   RO         1264    i.vPortExitCritical  port.o
    0x08002d70   0x08002d70   0x000000b8   Code   RO         1213    i.vPortFree         heap_4.o
    0x08002e28   0x08002e28   0x0000001c   Code   RO         1265    i.vPortSetupTimerInterrupt  port.o
    0x08002e44   0x08002e44   0x0000007c   Code   RO          934    i.vTaskDelay        tasks.o
    0x08002ec0   0x08002ec0   0x00000114   Code   RO          936    i.vTaskDelete       tasks.o
    0x08002fd4   0x08002fd4   0x000000ac   Code   RO          945    i.vTaskStartScheduler  tasks.o
    0x08003080   0x08003080   0x00000010   Code   RO          947    i.vTaskSuspendAll   tasks.o
    0x08003090   0x08003090   0x000000b0   Code   RO          948    i.vTaskSwitchContext  tasks.o
    0x08003140   0x08003140   0x000000a0   Code   RO         1267    i.xPortStartScheduler  port.o
    0x080031e0   0x080031e0   0x00000034   Code   RO         1268    i.xPortSysTickHandler  port.o
    0x08003214   0x08003214   0x00000060   Code   RO          950    i.xTaskCreate       tasks.o
    0x08003274   0x08003274   0x00000168   Code   RO          956    i.xTaskIncrementTick  tasks.o
    0x080033dc   0x080033dc   0x00000128   Code   RO          961    i.xTaskResumeAll    tasks.o
    0x08003504   0x08003504   0x00000239   Data   RO          493    .conststring        esp.o
    0x0800373d   0x0800373d   0x00000003   PAD
    0x08003740   0x08003740   0x00000020   Data   RO         4688    Region$$Table       anon$$obj.o


    Execution Region RW_IRAM1 (Exec base: 0x20000000, Load base: 0x08003760, Size: 0x000099c8, Max: 0x00010000, ABSOLUTE)

    Exec Addr    Load Addr    Size         Type   Attr      Idx    E Section Name        Object

    0x20000000   0x08003760   0x00000014   Data   RW          106    .data               system_stm32f10x.o
    0x20000014   0x08003774   0x0000002c   Data   RW          169    .data               main_rtos.o
    0x20000040   0x080037a0   0x00000005   Data   RW          415    .data               usart.o
    0x20000045   0x080037a5   0x00000003   PAD
    0x20000048   0x080037a8   0x00000030   Data   RW          494    .data               esp.o
    0x20000078   0x080037d8   0x00000004   Data   RW          596    .data               delay.o
    0x2000007c   0x080037dc   0x0000003c   Data   RW          964    .data               tasks.o
    0x200000b8   0x08003818   0x00000018   Data   RW         1218    .data               heap_4.o
    0x200000d0   0x08003830   0x0000000c   Data   RW         1269    .data               port.o
    0x200000dc   0x0800383c   0x00000014   Data   RW         2973    .data               stm32f10x_rcc.o
    0x200000f0   0x08003850   0x00000004   Data   RW         4666    .data               mc_w.l(stdout.o)
    0x200000f4        -       0x000001ea   Zero   RW          414    .bss                usart.o
    0x200002de   0x08003854   0x00000002   PAD
    0x200002e0        -       0x000002e4   Zero   RW          963    .bss                tasks.o
    0x200005c4        -       0x00009000   Zero   RW         1217    .bss                heap_4.o
    0x200095c4   0x08003854   0x00000004   PAD
    0x200095c8        -       0x00000400   Zero   RW         4355    STACK               startup_stm32f10x_hd.o


==============================================================================

Image component sizes


      Code (inc. data)   RO Data    RW Data    ZI Data      Debug   Object Name

        62          0          0          4          0       1301   delay.o
       552         40          0          0          0       5243   dht11.o
       728        284        569         48          0       2479   esp.o
         0          0          0          0          0       1492   event_groups.o
        52          0          0          0          0        994   exti.o
       752        176          0         24      36864       3855   heap_4.o
       122          8          0          0          0       1472   key.o
       248         22          0          0          0       2412   led.o
       148          0          0          0          0       3154   list.o
       944        476          0         44          0      16955   main_rtos.o
       132         22          0          0          0       1647   misc.o
       774        232          0         12          0       9504   port.o
        36          8        304          0       1024        832   startup_stm32f10x_hd.o
        52         12          0          0          0       1200   stm32f10x_exti.o
       304          0          0          0          0       3840   stm32f10x_gpio.o
        76         10          0          0          0       8109   stm32f10x_it.o
       276         32          0         20          0       4606   stm32f10x_rcc.o
        40          0          0          0          0       1866   stm32f10x_tim.o
       460          6          0          0          0       7043   stm32f10x_usart.o
       328         28          0         20          0     250881   system_stm32f10x.o
      2362        620          0         60        740      22331   tasks.o
       836         58          0          5        490      10105   usart.o

    ----------------------------------------------------------------------
      9296       2034        908        240      39124     361321   Object Totals
         0          0         32          0          0          0   (incl. Generated)
        12          0          3          3          6          0   (incl. Padding)

    ----------------------------------------------------------------------

      Code (inc. data)   RO Data    RW Data    ZI Data      Debug   Library Member Name

         0          0          0          0          0          0   entry.o
         0          0          0          0          0          0   entry10a.o
         0          0          0          0          0          0   entry11a.o
         4          0          0          0          0          0   entry12b.o
         8          4          0          0          0          0   entry2.o
         4          0          0          0          0          0   entry5.o
         0          0          0          0          0          0   entry7b.o
         0          0          0          0          0          0   entry8b.o
         8          4          0          0          0          0   entry9a.o
        30          0          0          0          0          0   handlers.o
        36          8          0          0          0         68   init.o
         0          0          0          0          0          0   iusefp.o
        30          0          0          0          0         68   llshl.o
        36          0          0          0          0         68   llsshr.o
        32          0          0          0          0         68   llushr.o
        36          0          0          0          0        108   memseta.o
      2264         96          0          0          0        612   printfa.o
         0          0          0          4          0          0   stdout.o
        28          0          0          0          0         76   strcmp.o
        14          0          0          0          0         68   strlen.o
        44          0          0          0          0         80   uidiv.o
        98          0          0          0          0         92   uldiv.o
        48          0          0          0          0         68   cdrcmple.o
        56          0          0          0          0         88   d2f.o
       334          0          0          0          0        148   dadd.o
       222          0          0          0          0        100   ddiv.o
       186          0          0          0          0        176   depilogue.o
        48          0          0          0          0         68   dfixul.o
        26          0          0          0          0         76   dfltui.o
       228          0          0          0          0         96   dmul.o
        38          0          0          0          0         68   f2d.o
       110          0          0          0          0        168   fepilogue.o

    ----------------------------------------------------------------------
      3972        112          0          4          0       2364   Library Totals
         4          0          0          0          0          0   (incl. Padding)

    ----------------------------------------------------------------------

      Code (inc. data)   RO Data    RW Data    ZI Data      Debug   Library Name

      2672        112          0          4          0       1308   mc_w.l
      1296          0          0          0          0       1056   mf_w.l

    ----------------------------------------------------------------------
      3972        112          0          4          0       2364   Library Totals

    ----------------------------------------------------------------------

==============================================================================


      Code (inc. data)   RO Data    RW Data    ZI Data      Debug   

     13268       2146        908        244      39124     357389   Grand Totals
     13268       2146        908        244      39124     357389   ELF Image Totals
     13268       2146        908        244          0          0   ROM Totals

==============================================================================

    Total RO  Size (Code + RO Data)                14176 (  13.84kB)
    Total RW  Size (RW Data + ZI Data)             39368 (  38.45kB)
    Total ROM Size (Code + RO Data + RW Data)      14420 (  14.08kB)

==============================================================================

