<html>
<body>
<pre>
<h1>礦ision Build Log</h1>
<h2>Tool Versions:</h2>
IDE-Version: μVision V5.33.0.0
Copyright (C) 2020 ARM Ltd and ARM Germany GmbH. All rights reserved.
License Information: wei wei, wei, LIC=X96CK-ZJF8V-QDZKD-88LGJ-9IMF4-S55S2
 
Tool Versions:
Toolchain:       MDK-ARM Plus  Version: 5.33.0.0
Toolchain Path:  D:\sofeware\Keil_v5\ARM\ARMCC\Bin
C Compiler:      Armcc.exe V5.06 update 7 (build 960)
Assembler:       Armasm.exe V5.06 update 7 (build 960)
Linker/Locator:  ArmLink.exe V5.06 update 7 (build 960)
Library Manager: ArmAr.exe V5.06 update 7 (build 960)
Hex Converter:   FromElf.exe V5.06 update 7 (build 960)
CPU DLL:         SARMCM3.DLL V5.33.0.0
Dialog DLL:      DCM.DLL V1.17.3.0
Target DLL:      CMSIS_AGDI.dll V1.32.12.0
Dialog DLL:      TCM.DLL V1.48.0.0
 
<h2>Project:</h2>
C:\Users\17830\Desktop\stm32\上传阿里云_RTOS\Projects\MDK-ARM\fw_exti.uvprojx
Project File Date:  03/06/2023

<h2>Output:</h2>
*** Using Compiler 'V5.06 update 7 (build 960)', folder: 'D:\sofeware\Keil_v5\ARM\ARMCC\Bin'
Rebuild target 'Template'
compiling stm32f10x_it.c...
compiling exti.c...
compiling esp.c...
compiling usart.c...
compiling delay.c...
compiling timer.c...
compiling system_stm32f10x.c...
compiling led.c...
compiling beep.c...
compiling key.c...
compiling dht11.c...
compiling croutine.c...
compiling list.c...
compiling main_RTOS.c...
..\..\User\main_RTOS.c(34): warning:  #177-D: variable "BEEP_Task_Handle"  was declared but never referenced
  static TaskHandle_t BEEP_Task_Handle = NULL; 			/* BEEP任务句柄 */
..\..\User\main_RTOS.c(287): warning:  #177-D: function "BEEP_Task"  was declared but never referenced
  static void BEEP_Task(void)
..\..\User\main_RTOS.c: 2 warnings, 0 errors
compiling event_groups.c...
compiling queue.c...
compiling timers.c...
compiling misc.c...
compiling heap_4.c...
compiling stm32f10x_crc.c...
compiling stm32f10x_bkp.c...
compiling stm32f10x_dac.c...
compiling stm32f10x_dbgmcu.c...
compiling stm32f10x_cec.c...
compiling stm32f10x_exti.c...
compiling stm32f10x_dma.c...
compiling stm32f10x_adc.c...
compiling stm32f10x_can.c...
compiling tasks.c...
compiling stm32f10x_flash.c...
compiling port.c...
compiling stm32f10x_gpio.c...
compiling stm32f10x_fsmc.c...
compiling stm32f10x_i2c.c...
assembling startup_stm32f10x_hd.s...
compiling stm32f10x_iwdg.c...
compiling stm32f10x_rtc.c...
compiling stm32f10x_rcc.c...
compiling stm32f10x_wwdg.c...
compiling stm32f10x_sdio.c...
compiling stm32f10x_usart.c...
compiling stm32f10x_spi.c...
compiling stm32f10x_tim.c...
compiling stm32f10x_pwr.c...
linking...
Program Size: Code=13268 RO-data=908 RW-data=244 ZI-data=39124  
FromELF: creating hex file...
"..\..\Output\fw_exti.axf" - 0 Error(s), 2 Warning(s).

<h2>Software Packages used:</h2>

Package Vendor: Keil
                http://www.keil.com/pack/Keil.STM32F1xx_DFP.2.4.0.pack
                Keil.STM32F1xx_DFP.2.4.0
                STMicroelectronics STM32F1 Series Device Support, Drivers and Examples

<h2>Collection of Component include folders:</h2>
  C:\Users\17830\AppData\Local\Arm\Packs\Keil\STM32F1xx_DFP\2.4.0\Device\Include

<h2>Collection of Component Files used:</h2>
Build Time Elapsed:  00:00:03
</pre>
</body>
</html>
